Archive member included to satisfy reference by file (symbol)

c:/st/stm32cubeide_1.5.1/stm32cubeide/plugins/com.st.stm32cube.ide.mcu.externaltools.gnu-tools-for-stm32.7-2018-q2-update.win32_1.5.0.202011040924/tools/bin/../lib/gcc/arm-none-eabi/7.3.1/../../../../arm-none-eabi/lib/thumb/v7e-m/fpv4-sp/hard\libc_nano.a(lib_a-errno.o)
                              Core/Src/syscalls.o (__errno)
c:/st/stm32cubeide_1.5.1/stm32cubeide/plugins/com.st.stm32cube.ide.mcu.externaltools.gnu-tools-for-stm32.7-2018-q2-update.win32_1.5.0.202011040924/tools/bin/../lib/gcc/arm-none-eabi/7.3.1/../../../../arm-none-eabi/lib/thumb/v7e-m/fpv4-sp/hard\libc_nano.a(lib_a-exit.o)
                              c:/st/stm32cubeide_1.5.1/stm32cubeide/plugins/com.st.stm32cube.ide.mcu.externaltools.gnu-tools-for-stm32.7-2018-q2-update.win32_1.5.0.202011040924/tools/bin/../lib/gcc/arm-none-eabi/7.3.1/../../../../arm-none-eabi/lib/thumb/v7e-m/fpv4-sp/hard/crt0.o (exit)
c:/st/stm32cubeide_1.5.1/stm32cubeide/plugins/com.st.stm32cube.ide.mcu.externaltools.gnu-tools-for-stm32.7-2018-q2-update.win32_1.5.0.202011040924/tools/bin/../lib/gcc/arm-none-eabi/7.3.1/../../../../arm-none-eabi/lib/thumb/v7e-m/fpv4-sp/hard\libc_nano.a(lib_a-impure.o)
                              c:/st/stm32cubeide_1.5.1/stm32cubeide/plugins/com.st.stm32cube.ide.mcu.externaltools.gnu-tools-for-stm32.7-2018-q2-update.win32_1.5.0.202011040924/tools/bin/../lib/gcc/arm-none-eabi/7.3.1/../../../../arm-none-eabi/lib/thumb/v7e-m/fpv4-sp/hard\libc_nano.a(lib_a-exit.o) (_global_impure_ptr)
c:/st/stm32cubeide_1.5.1/stm32cubeide/plugins/com.st.stm32cube.ide.mcu.externaltools.gnu-tools-for-stm32.7-2018-q2-update.win32_1.5.0.202011040924/tools/bin/../lib/gcc/arm-none-eabi/7.3.1/../../../../arm-none-eabi/lib/thumb/v7e-m/fpv4-sp/hard\libc_nano.a(lib_a-init.o)
                              c:/st/stm32cubeide_1.5.1/stm32cubeide/plugins/com.st.stm32cube.ide.mcu.externaltools.gnu-tools-for-stm32.7-2018-q2-update.win32_1.5.0.202011040924/tools/bin/../lib/gcc/arm-none-eabi/7.3.1/../../../../arm-none-eabi/lib/thumb/v7e-m/fpv4-sp/hard/crt0.o (__libc_init_array)
c:/st/stm32cubeide_1.5.1/stm32cubeide/plugins/com.st.stm32cube.ide.mcu.externaltools.gnu-tools-for-stm32.7-2018-q2-update.win32_1.5.0.202011040924/tools/bin/../lib/gcc/arm-none-eabi/7.3.1/../../../../arm-none-eabi/lib/thumb/v7e-m/fpv4-sp/hard\libc_nano.a(lib_a-memset.o)
                              c:/st/stm32cubeide_1.5.1/stm32cubeide/plugins/com.st.stm32cube.ide.mcu.externaltools.gnu-tools-for-stm32.7-2018-q2-update.win32_1.5.0.202011040924/tools/bin/../lib/gcc/arm-none-eabi/7.3.1/../../../../arm-none-eabi/lib/thumb/v7e-m/fpv4-sp/hard/crt0.o (memset)
c:/st/stm32cubeide_1.5.1/stm32cubeide/plugins/com.st.stm32cube.ide.mcu.externaltools.gnu-tools-for-stm32.7-2018-q2-update.win32_1.5.0.202011040924/tools/bin/../lib/gcc/arm-none-eabi/7.3.1/../../../../arm-none-eabi/lib/thumb/v7e-m/fpv4-sp/hard\libc_nano.a(lib_a-sprintf.o)
                              Core/Src/uart.o (sprintf)
c:/st/stm32cubeide_1.5.1/stm32cubeide/plugins/com.st.stm32cube.ide.mcu.externaltools.gnu-tools-for-stm32.7-2018-q2-update.win32_1.5.0.202011040924/tools/bin/../lib/gcc/arm-none-eabi/7.3.1/../../../../arm-none-eabi/lib/thumb/v7e-m/fpv4-sp/hard\libc_nano.a(lib_a-strlen.o)
                              Core/Src/uart.o (strlen)
c:/st/stm32cubeide_1.5.1/stm32cubeide/plugins/com.st.stm32cube.ide.mcu.externaltools.gnu-tools-for-stm32.7-2018-q2-update.win32_1.5.0.202011040924/tools/bin/../lib/gcc/arm-none-eabi/7.3.1/../../../../arm-none-eabi/lib/thumb/v7e-m/fpv4-sp/hard\libc_nano.a(lib_a-nano-svfprintf.o)
                              c:/st/stm32cubeide_1.5.1/stm32cubeide/plugins/com.st.stm32cube.ide.mcu.externaltools.gnu-tools-for-stm32.7-2018-q2-update.win32_1.5.0.202011040924/tools/bin/../lib/gcc/arm-none-eabi/7.3.1/../../../../arm-none-eabi/lib/thumb/v7e-m/fpv4-sp/hard\libc_nano.a(lib_a-sprintf.o) (_svfprintf_r)
c:/st/stm32cubeide_1.5.1/stm32cubeide/plugins/com.st.stm32cube.ide.mcu.externaltools.gnu-tools-for-stm32.7-2018-q2-update.win32_1.5.0.202011040924/tools/bin/../lib/gcc/arm-none-eabi/7.3.1/../../../../arm-none-eabi/lib/thumb/v7e-m/fpv4-sp/hard\libc_nano.a(lib_a-nano-vfprintf_i.o)
                              c:/st/stm32cubeide_1.5.1/stm32cubeide/plugins/com.st.stm32cube.ide.mcu.externaltools.gnu-tools-for-stm32.7-2018-q2-update.win32_1.5.0.202011040924/tools/bin/../lib/gcc/arm-none-eabi/7.3.1/../../../../arm-none-eabi/lib/thumb/v7e-m/fpv4-sp/hard\libc_nano.a(lib_a-nano-svfprintf.o) (_printf_i)
c:/st/stm32cubeide_1.5.1/stm32cubeide/plugins/com.st.stm32cube.ide.mcu.externaltools.gnu-tools-for-stm32.7-2018-q2-update.win32_1.5.0.202011040924/tools/bin/../lib/gcc/arm-none-eabi/7.3.1/../../../../arm-none-eabi/lib/thumb/v7e-m/fpv4-sp/hard\libc_nano.a(lib_a-memchr.o)
[...]
Memory Configuration

Name             Origin             Length             Attributes
CCMRAM           0x0000000010000000 0x0000000000010000 xrw
RAM              0x0000000020000000 0x0000000000030000 xrw
FLASH            0x0000000008000000 0x0000000000200000 xr
*default*        0x0000000000000000 0xffffffffffffffff

Linker script and memory map

LOAD c:/st/stm32cubeide_1.5.1/stm32cubeide/plugins/com.st.stm32cube.ide.mcu.externaltools.gnu-tools-for-stm32.7-2018-q2-update.win32_1.5.0.202011040924/tools/bin/../lib/gcc/arm-none-eabi/7.3.1/thumb/v7e-m/fpv4-sp/hard/crti.o
LOAD c:/st/stm32cubeide_1.5.1/stm32cubeide/plugins/com.st.stm32cube.ide.mcu.externaltools.gnu-tools-for-stm32.7-2018-q2-update.win32_1.5.0.202011040924/tools/bin/../lib/gcc/arm-none-eabi/7.3.1/thumb/v7e-m/fpv4-sp/hard/crtbegin.o
LOAD c:/st/stm32cubeide_1.5.1/stm32cubeide/plugins/com.st.stm32cube.ide.mcu.externaltools.gnu-tools-for-stm32.7-2018-q2-update.win32_1.5.0.202011040924/tools/bin/../lib/gcc/arm-none-eabi/7.3.1/../../../../arm-none-eabi/lib/thumb/v7e-m/fpv4-sp/hard/crt0.o
LOAD Core/Src/filter.o
LOAD Core/Src/main.o
LOAD Core/Src/pulse_oximiter.o
LOAD Core/Src/stm32f4xx_hal_msp.o
LOAD Core/Src/stm32f4xx_it.o
LOAD Core/Src/syscalls.o
LOAD Core/Src/sysmem.o
LOAD Core/Src/system.o
LOAD Core/Src/system_stm32f4xx.o
LOAD Core/Src/uart.o
LOAD Core/Startup/startup_stm32f429zitx.o
LOAD Drivers/STM32F4xx_HAL_Driver/Src/stm32f4xx_hal.o
LOAD Drivers/STM32F4xx_HAL_Driver/Src/stm32f4xx_hal_cortex.o
LOAD Drivers/STM32F4xx_HAL_Driver/Src/stm32f4xx_hal_dma.o
LOAD Drivers/STM32F4xx_HAL_Driver/Src/stm32f4xx_hal_dma_ex.o
LOAD Drivers/STM32F4xx_HAL_Driver/Src/stm32f4xx_hal_exti.o
LOAD Drivers/STM32F4xx_HAL_Driver/Src/stm32f4xx_hal_flash.o
LOAD Drivers/STM32F4xx_HAL_Driver/Src/stm32f4xx_hal_flash_ex.o
LOAD Drivers/STM32F4xx_HAL_Driver/Src/stm32f4xx_hal_flash_ramfunc.o
LOAD Drivers/STM32F4xx_HAL_Driver/Src/stm32f4xx_hal_gpio.o
LOAD Drivers/STM32F4xx_HAL_Driver/Src/stm32f4xx_hal_i2c.o
LOAD Drivers/STM32F4xx_HAL_Driver/Src/stm32f4xx_hal_i2c_ex.o
LOAD Drivers/STM32F4xx_HAL_Driver/Src/stm32f4xx_hal_pcd.o
LOAD Drivers/STM32F4xx_HAL_Driver/Src/stm32f4xx_hal_pcd_ex.o
LOAD Drivers/STM32F4xx_HAL_Driver/Src/stm32f4xx_hal_pwr.o
LOAD Drivers/STM32F4xx_HAL_Driver/Src/stm32f4xx_hal_pwr_ex.o
LOAD Drivers/STM32F4xx_HAL_Driver/Src/stm32f4xx_hal_rcc.o
LOAD Drivers/STM32F4xx_HAL_Driver/Src/stm32f4xx_hal_rcc_ex.o
LOAD Drivers/STM32F4xx_HAL_Driver/Src/stm32f4xx_hal_tim.o
LOAD Drivers/STM32F4xx_HAL_Driver/Src/stm32f4xx_hal_tim_ex.o
LOAD Drivers/STM32F4xx_HAL_Driver/Src/stm32f4xx_hal_uart.o
LOAD Drivers/STM32F4xx_HAL_Driver/Src/stm32f4xx_ll_usb.o
START GROUP
LOAD c:/st/stm32cubeide_1.5.1/stm32cubeide/plugins/com.st.stm32cube.ide.mcu.externaltools.gnu-tools-for-stm32.7-2018-q2-update.win32_1.5.0.202011040924/tools/bin/../lib/gcc/arm-none-eabi/7.3.1/../../../../arm-none-eabi/lib/thumb/v7e-m/fpv4-sp/hard\libc_nano.a
LOAD c:/st/stm32cubeide_1.5.1/stm32cubeide/plugins/com.st.stm32cube.ide.mcu.externaltools.gnu-tools-for-stm32.7-2018-q2-update.win32_1.5.0.202011040924/tools/bin/../lib/gcc/arm-none-eabi/7.3.1/../../../../arm-none-eabi/lib/thumb/v7e-m/fpv4-sp/hard\libm.a
END GROUP
START GROUP
LOAD c:/st/stm32cubeide_1.5.1/stm32cubeide/plugins/com.st.stm32cube.ide.mcu.externaltools.gnu-tools-for-stm32.7-2018-q2-update.win32_1.5.0.202011040924/tools/bin/../lib/gcc/arm-none-eabi/7.3.1/thumb/v7e-m/fpv4-sp/hard\libgcc.a
LOAD c:/st/stm32cubeide_1.5.1/stm32cubeide/plugins/com.st.stm32cube.ide.mcu.externaltools.gnu-tools-for-stm32.7-2018-q2-update.win32_1.5.0.202011040924/tools/bin/../lib/gcc/arm-none-eabi/7.3.1/../../../../arm-none-eabi/lib/thumb/v7e-m/fpv4-sp/hard\libc_nano.a
END GROUP
START GROUP
LOAD c:/st/stm32cubeide_1.5.1/stm32cubeide/plugins/com.st.stm32cube.ide.mcu.externaltools.gnu-tools-for-stm32.7-2018-q2-update.win32_1.5.0.202011040924/tools/bin/../lib/gcc/arm-none-eabi/7.3.1/thumb/v7e-m/fpv4-sp/hard\libgcc.a
LOAD c:/st/stm32cubeide_1.5.1/stm32cubeide/plugins/com.st.stm32cube.ide.mcu.externaltools.gnu-tools-for-stm32.7-2018-q2-update.win32_1.5.0.202011040924/tools/bin/../lib/gcc/arm-none-eabi/7.3.1/../../../../arm-none-eabi/lib/thumb/v7e-m/fpv4-sp/hard\libc_nano.a
LOAD c:/st/stm32cubeide_1.5.1/stm32cubeide/plugins/com.st.stm32cube.ide.mcu.externaltools.gnu-tools-for-stm32.7-2018-q2-update.win32_1.5.0.202011040924/tools/bin/../lib/gcc/arm-none-eabi/7.3.1/../../../../arm-none-eabi/lib/thumb/v7e-m/fpv4-sp/hard\libnosys.a
END GROUP
START GROUP
LOAD c:/st/stm32cubeide_1.5.1/stm32cubeide/plugins/com.st.stm32cube.ide.mcu.externaltools.gnu-tools-for-stm32.7-2018-q2-update.win32_1.5.0.202011040924/tools/bin/../lib/gcc/arm-none-eabi/7.3.1/thumb/v7e-m/fpv4-sp/hard\libgcc.a
LOAD c:/st/stm32cubeide_1.5.1/stm32cubeide/plugins/com.st.stm32cube.ide.mcu.externaltools.gnu-tools-for-stm32.7-2018-q2-update.win32_1.5.0.202011040924/tools/bin/../lib/gcc/arm-none-eabi/7.3.1/../../../../arm-none-eabi/lib/thumb/v7e-m/fpv4-sp/hard\libc_nano.a
LOAD c:/st/stm32cubeide_1.5.1/stm32cubeide/plugins/com.st.stm32cube.ide.mcu.externaltools.gnu-tools-for-stm32.7-2018-q2-update.win32_1.5.0.202011040924/tools/bin/../lib/gcc/arm-none-eabi/7.3.1/../../../../arm-none-eabi/lib/thumb/v7e-m/fpv4-sp/hard\libnosys.a
END GROUP
LOAD c:/st/stm32cubeide_1.5.1/stm32cubeide/plugins/com.st.stm32cube.ide.mcu.externaltools.gnu-tools-for-stm32.7-2018-q2-update.win32_1.5.0.202011040924/tools/bin/../lib/gcc/arm-none-eabi/7.3.1/thumb/v7e-m/fpv4-sp/hard/crtend.o
LOAD c:/st/stm32cubeide_1.5.1/stm32cubeide/plugins/com.st.stm32cube.ide.mcu.externaltools.gnu-tools-for-stm32.7-2018-q2-update.win32_1.5.0.202011040924/tools/bin/../lib/gcc/arm-none-eabi/7.3.1/thumb/v7e-m/fpv4-sp/hard/crtn.o
                0x0000000020030000                _estack = (ORIGIN (RAM) + LENGTH (RAM))
                0x0000000000000200                _Min_Heap_Size = 0x200
                0x0000000000000400                _Min_Stack_Size = 0x400

.isr_vector     0x0000000008000000      0x1ac
                0x0000000008000000                . = ALIGN (0x4)
 *(.isr_vector)
 .isr_vector    0x0000000008000000      0x1ac Core/Startup/startup_stm32f429zitx.o
                0x0000000008000000                g_pfnVectors
                0x00000000080001ac                . = ALIGN (0x4)

.text           0x00000000080001b0     0x58b8
                0x00000000080001b0                . = ALIGN (0x4)
 *(.text)
 .text          0x00000000080001b0       0x40 c:/st/stm32cubeide_1.5.1/stm32cubeide/plugins/com.st.stm32cube.ide.mcu.externaltools.gnu-tools-for-stm32.7-2018-q2-update.win32_1.5.0.202011040924/tools/bin/../lib/gcc/arm-none-eabi/7.3.1/thumb/v7e-m/fpv4-sp/hard/crtbegin.o
 .text          0x00000000080001f0      0x378 c:/st/stm32cubeide_1.5.1/stm32cubeide/plugins/com.st.stm32cube.ide.mcu.externaltools.gnu-tools-for-stm32.7-2018-q2-update.win32_1.5.0.202011040924/tools/bin/../lib/gcc/arm-none-eabi/7.3.1/thumb/v7e-m/fpv4-sp/hard\libgcc.a(_arm_addsubdf3.o)
                0x00000000080001f0                __aeabi_drsub
                0x00000000080001f8                __aeabi_dsub
                0x00000000080001f8                __subdf3
                0x00000000080001fc                __aeabi_dadd
                0x00000000080001fc                __adddf3
                0x0000000008000474                __floatunsidf
                0x0000000008000474                __aeabi_ui2d
                0x0000000008000494                __floatsidf
                0x0000000008000494                __aeabi_i2d
                0x00000000080004b8                __aeabi_f2d
                0x00000000080004b8                __extendsfdf2
                0x00000000080004fc                __floatundidf
                0x00000000080004fc                __aeabi_ul2d
                0x000000000800050c                __floatdidf
                0x000000000800050c                __aeabi_l2d
 .text          0x0000000008000568      0x424 c:/st/stm32cubeide_1.5.1/stm32cubeide/plugins/com.st.stm32cube.ide.mcu.externaltools.gnu-tools-for-stm32.7-2018-q2-update.win32_1.5.0.202011040924/tools/bin/../lib/gcc/arm-none-eabi/7.3.1/thumb/v7e-m/fpv4-sp/hard\libgcc.a(_arm_muldivdf3.o)
                0x0000000008000568                __aeabi_dmul
                0x0000000008000568                __muldf3
                0x00000000080007bc                __divdf3
                0x00000000080007bc                __aeabi_ddiv
 .text          0x000000000800098c      0x110 c:/st/stm32cubeide_1.5.1/stm32cubeide/plugins/com.st.stm32cube.ide.mcu.externaltools.gnu-tools-for-stm32.7-2018-q2-update.win32_1.5.0.202011040924/tools/bin/../lib/gcc/arm-none-eabi/7.3.1/thumb/v7e-m/fpv4-sp/hard\libgcc.a(_arm_cmpdf2.o)
                0x000000000800098c                __gtdf2
                0x000000000800098c                __gedf2
                0x0000000008000994                __ltdf2
                0x0000000008000994                __ledf2
                0x000000000800099c                __nedf2
                0x000000000800099c                __eqdf2
                0x000000000800099c                __cmpdf2
                0x0000000008000a18                __aeabi_cdrcmple
                0x0000000008000a28                __aeabi_cdcmpeq
                0x0000000008000a28                __aeabi_cdcmple
                0x0000000008000a38                __aeabi_dcmpeq
                0x0000000008000a4c                __aeabi_dcmplt
                0x0000000008000a60                __aeabi_dcmple
                0x0000000008000a74                __aeabi_dcmpge
                0x0000000008000a88                __aeabi_dcmpgt
 .text          0x0000000008000a9c       0x2c c:/st/stm32cubeide_1.5.1/stm32cubeide/plugins/com.st.stm32cube.ide.mcu.externaltools.gnu-tools-for-stm32.7-2018-q2-update.win32_1.5.0.202011040924/tools/bin/../lib/gcc/arm-none-eabi/7.3.1/thumb/v7e-m/fpv4-sp/hard\libgcc.a(_arm_unorddf2.o)
                0x0000000008000a9c                __unorddf2
                0x0000000008000a9c                __aeabi_dcmpun
 .text          0x0000000008000ac8       0x40 c:/st/stm32cubeide_1.5.1/stm32cubeide/plugins/com.st.stm32cube.ide.mcu.externaltools.gnu-tools-for-stm32.7-2018-q2-update.win32_1.5.0.202011040924/tools/bin/../lib/gcc/arm-none-eabi/7.3.1/thumb/v7e-m/fpv4-sp/hard\libgcc.a(_arm_fixunsdfsi.o)
                0x0000000008000ac8                __aeabi_d2uiz
                0x0000000008000ac8                __fixunsdfsi
 .text          0x0000000008000b08       0xa0 c:/st/stm32cubeide_1.5.1/stm32cubeide/plugins/com.st.stm32cube.ide.mcu.externaltools.gnu-tools-for-stm32.7-2018-q2-update.win32_1.5.0.202011040924/tools/bin/../lib/gcc/arm-none-eabi/7.3.1/thumb/v7e-m/fpv4-sp/hard\libgcc.a(_arm_truncdfsf2.o)
                0x0000000008000b08                __truncdfsf2
                0x0000000008000b08                __aeabi_d2f
 .text          0x0000000008000ba8       0x30 c:/st/stm32cubeide_1.5.1/stm32cubeide/plugins/com.st.stm32cube.ide.mcu.externaltools.gnu-tools-for-stm32.7-2018-q2-update.win32_1.5.0.202011040924/tools/bin/../lib/gcc/arm-none-eabi/7.3.1/thumb/v7e-m/fpv4-sp/hard\libgcc.a(_aeabi_uldivmod.o)
                0x0000000008000ba8                __aeabi_uldivmod
 .text          0x0000000008000bd8      0x2cc c:/st/stm32cubeide_1.5.1/stm32cubeide/plugins/com.st.stm32cube.ide.mcu.externaltools.gnu-tools-for-stm32.7-2018-q2-update.win32_1.5.0.202011040924/tools/bin/../lib/gcc/arm-none-eabi/7.3.1/thumb/v7e-m/fpv4-sp/hard\libgcc.a(_udivmoddi4.o)
                0x0000000008000bd8                __udivmoddi4
 .text          0x0000000008000ea4        0x4 c:/st/stm32cubeide_1.5.1/stm32cubeide/plugins/com.st.stm32cube.ide.mcu.externaltools.gnu-tools-for-stm32.7-2018-q2-update.win32_1.5.0.202011040924/tools/bin/../lib/gcc/arm-none-eabi/7.3.1/thumb/v7e-m/fpv4-sp/hard\libgcc.a(_dvmd_tls.o)
                0x0000000008000ea4                __aeabi_idiv0
                0x0000000008000ea4                __aeabi_ldiv0
 *(.text*)
 .text.dcRemoval
                0x0000000008000ea8       0x68 Core/Src/filter.o
                0x0000000008000ea8                dcRemoval
 .text.lowPassButterworthFilter
                0x0000000008000f10       0x90 Core/Src/filter.o
                0x0000000008000f10                lowPassButterworthFilter
 .text.meanDiff
                0x0000000008000fa0       0xe4 Core/Src/filter.o
                0x0000000008000fa0                meanDiff
 .text.main     0x0000000008001084       0xa8 Core/Src/main.o
                0x0000000008001084                main
 .text.SystemClock_Config
                0x000000000800112c       0xd4 Core/Src/main.o
                0x000000000800112c                SystemClock_Config
 .text.MX_I2C1_Init
                0x0000000008001200       0x80 Core/Src/main.o
 .text.MX_USART3_UART_Init
                0x0000000008001280       0x54 Core/Src/main.o
 .text.MX_USART6_UART_Init
                0x00000000080012d4       0x54 Core/Src/main.o
 .text.MX_USB_OTG_FS_PCD_Init
                0x0000000008001328       0x5c Core/Src/main.o
 .text.MX_GPIO_Init
                0x0000000008001384      0x234 Core/Src/main.o
 .text.Error_Handler
                0x00000000080015b8        0x8 Core/Src/main.o
                0x00000000080015b8                Error_Handler
 .text.I2C_Init
                0x00000000080015c0       0x5c Core/Src/pulse_oximiter.o
                0x00000000080015c0                I2C_Init
 .text.pulseOximiter_readRegister
                0x000000000800161c       0x7c Core/Src/pulse_oximiter.o
                0x000000000800161c                pulseOximiter_readRegister
 .text.pulseOximiter_writeRegister
                0x0000000008001698       0x44 Core/Src/pulse_oximiter.o
                0x0000000008001698                pulseOximiter_writeRegister
 .text.pulseOximiter_setMeasurementMode
                0x00000000080016dc       0x90 Core/Src/pulse_oximiter.o
                0x00000000080016dc                pulseOximiter_setMeasurementMode
 .text.pulseOximiter_resetRegisters
                0x000000000800176c       0x4a Core/Src/pulse_oximiter.o
                0x000000000800176c                pulseOximiter_resetRegisters
 *fill*         0x00000000080017b6        0x2 
 .text.pulseOximiter_setLedCurrent
                0x00000000080017b8       0x68 Core/Src/pulse_oximiter.o
                0x00000000080017b8                pulseOximiter_setLedCurrent
 .text.pulseOximiter_setSampleRate
                0x0000000008001820       0x5c Core/Src/pulse_oximiter.o
                0x0000000008001820                pulseOximiter_setSampleRate
 .text.pulseOximiter_setPulseWidth
                0x000000000800187c       0x98 Core/Src/pulse_oximiter.o
                0x000000000800187c                pulseOximiter_setPulseWidth
 .text.pulseOximiter_resetFifo
                0x0000000008001914       0x20 Core/Src/pulse_oximiter.o
                0x0000000008001914                pulseOximiter_resetFifo
 .text.pulseOximiter_initFifo
                0x0000000008001934       0x10 Core/Src/pulse_oximiter.o
                0x0000000008001934                pulseOximiter_initFifo
 .text.pulseOximiter_readFifo
                0x0000000008001944       0x9c Core/Src/pulse_oximiter.o
                0x0000000008001944                pulseOximiter_readFifo
 .text.pulseOximiter_readTemperature
                0x00000000080019e0       0x90 Core/Src/pulse_oximiter.o
                0x00000000080019e0                pulseOximiter_readTemperature
 .text.pulseOximiter_update
                0x0000000008001a70      0x2b0 Core/Src/pulse_oximiter.o
                0x0000000008001a70                pulseOximiter_update
 .text.detectPulse
                0x0000000008001d20      0x210 Core/Src/pulse_oximiter.o
                0x0000000008001d20                detectPulse
 .text.balanceIntesities
                0x0000000008001f30      0x11c Core/Src/pulse_oximiter.o
                0x0000000008001f30                balanceIntesities
 .text.HAL_MspInit
                0x000000000800204c       0x50 Core/Src/stm32f4xx_hal_msp.o
                0x000000000800204c                HAL_MspInit
 .text.HAL_I2C_MspInit
                0x000000000800209c       0x90 Core/Src/stm32f4xx_hal_msp.o
                0x000000000800209c                HAL_I2C_MspInit
 .text.HAL_UART_MspInit
                0x000000000800212c      0x100 Core/Src/stm32f4xx_hal_msp.o
                0x000000000800212c                HAL_UART_MspInit
 .text.HAL_PCD_MspInit
                0x000000000800222c       0xb4 Core/Src/stm32f4xx_hal_msp.o
                0x000000000800222c                HAL_PCD_MspInit
 .text.NMI_Handler
                0x00000000080022e0        0x6 Core/Src/stm32f4xx_it.o
                0x00000000080022e0                NMI_Handler
 .text.HardFault_Handler
                0x00000000080022e6        0x6 Core/Src/stm32f4xx_it.o
                0x00000000080022e6                HardFault_Handler
 .text.MemManage_Handler
                0x00000000080022ec        0x6 Core/Src/stm32f4xx_it.o
                0x00000000080022ec                MemManage_Handler
 .text.BusFault_Handler
                0x00000000080022f2        0x6 Core/Src/stm32f4xx_it.o
                0x00000000080022f2                BusFault_Handler
 .text.UsageFault_Handler
                0x00000000080022f8        0x6 Core/Src/stm32f4xx_it.o
                0x00000000080022f8                UsageFault_Handler
 .text.SVC_Handler
                0x00000000080022fe        0xe Core/Src/stm32f4xx_it.o
                0x00000000080022fe                SVC_Handler
 .text.DebugMon_Handler
                0x000000000800230c        0xe Core/Src/stm32f4xx_it.o
                0x000000000800230c                DebugMon_Handler
 .text.PendSV_Handler
                0x000000000800231a        0xe Core/Src/stm32f4xx_it.o
                0x000000000800231a                PendSV_Handler
 .text.SysTick_Handler
                0x0000000008002328        0xc Core/Src/stm32f4xx_it.o
                0x0000000008002328                SysTick_Handler
 .text.EXTI15_10_IRQHandler
                0x0000000008002334       0x18 Core/Src/stm32f4xx_it.o
                0x0000000008002334                EXTI15_10_IRQHandler
 .text.errorHandler
                0x000000000800234c        0x8 Core/Src/system.o
                0x000000000800234c                errorHandler
 .text.millis   0x0000000008002354        0xe Core/Src/system.o
                0x0000000008002354                millis
 *fill*         0x0000000008002362        0x2 
 .text.SystemInit
                0x0000000008002364       0x2c Core/Src/system_stm32f4xx.o
                0x0000000008002364                SystemInit
 .text.uartInit
                0x0000000008002390       0x54 Core/Src/uart.o
                0x0000000008002390                uartInit
 .text.Reset_Handler
                0x00000000080023e4       0x50 Core/Startup/startup_stm32f429zitx.o
                0x00000000080023e4                Reset_Handler
 .text.Default_Handler
                0x0000000008002434        0x2 Core/Startup/startup_stm32f429zitx.o
                0x0000000008002434                RTC_Alarm_IRQHandler
                0x0000000008002434                HASH_RNG_IRQHandler
                0x0000000008002434                EXTI2_IRQHandler
                0x0000000008002434                TIM8_CC_IRQHandler
                0x0000000008002434                UART8_IRQHandler
                0x0000000008002434                SPI4_IRQHandler
                0x0000000008002434                TIM1_CC_IRQHandler
                0x0000000008002434                DMA2_Stream5_IRQHandler
                0x0000000008002434                DMA1_Stream5_IRQHandler
                0x0000000008002434                PVD_IRQHandler
                0x0000000008002434                SDIO_IRQHandler
                0x0000000008002434                TAMP_STAMP_IRQHandler
                0x0000000008002434                CAN2_RX1_IRQHandler
                0x0000000008002434                EXTI3_IRQHandler
                0x0000000008002434                TIM8_TRG_COM_TIM14_IRQHandler
                0x0000000008002434                TIM1_UP_TIM10_IRQHandler
                0x0000000008002434                TIM8_UP_TIM13_IRQHandler
                0x0000000008002434                I2C3_ER_IRQHandler
                0x0000000008002434                EXTI0_IRQHandler
                0x0000000008002434                I2C2_EV_IRQHandler
                0x0000000008002434                DMA1_Stream2_IRQHandler
                0x0000000008002434                CAN1_RX0_IRQHandler
                0x0000000008002434                FPU_IRQHandler
                0x0000000008002434                OTG_HS_WKUP_IRQHandler
                0x0000000008002434                LTDC_ER_IRQHandler
                0x0000000008002434                CAN2_SCE_IRQHandler
                0x0000000008002434                DMA2_Stream2_IRQHandler
                0x0000000008002434                SPI1_IRQHandler
                0x0000000008002434                TIM6_DAC_IRQHandler
                0x0000000008002434                TIM1_BRK_TIM9_IRQHandler
                0x0000000008002434                DCMI_IRQHandler
                0x0000000008002434                CAN2_RX0_IRQHandler
                0x0000000008002434                DMA2_Stream3_IRQHandler
                0x0000000008002434                USART6_IRQHandler
                0x0000000008002434                USART3_IRQHandler
                0x0000000008002434                CAN1_RX1_IRQHandler
                0x0000000008002434                UART5_IRQHandler
                0x0000000008002434                DMA2_Stream0_IRQHandler
                0x0000000008002434                TIM4_IRQHandler
                0x0000000008002434                I2C1_EV_IRQHandler
                0x0000000008002434                DMA1_Stream6_IRQHandler
                0x0000000008002434                DMA1_Stream1_IRQHandler
                0x0000000008002434                UART4_IRQHandler
                0x0000000008002434                TIM3_IRQHandler
                0x0000000008002434                RCC_IRQHandler
                0x0000000008002434                TIM8_BRK_TIM12_IRQHandler
                0x0000000008002434                Default_Handler
                0x0000000008002434                ADC_IRQHandler
                0x0000000008002434                DMA1_Stream7_IRQHandler
                0x0000000008002434                SPI5_IRQHandler
                0x0000000008002434                TIM7_IRQHandler
                0x0000000008002434                CAN2_TX_IRQHandler
                0x0000000008002434                TIM5_IRQHandler
                0x0000000008002434                DMA2_Stream7_IRQHandler
                0x0000000008002434                I2C3_EV_IRQHandler
                0x0000000008002434                EXTI9_5_IRQHandler
                0x0000000008002434                RTC_WKUP_IRQHandler
                0x0000000008002434                LTDC_IRQHandler
                0x0000000008002434                ETH_WKUP_IRQHandler
                0x0000000008002434                SPI2_IRQHandler
                0x0000000008002434                OTG_HS_EP1_IN_IRQHandler
                0x0000000008002434                DMA1_Stream0_IRQHandler
                0x0000000008002434                CAN1_TX_IRQHandler
                0x0000000008002434                EXTI4_IRQHandler
                0x0000000008002434                ETH_IRQHandler
                0x0000000008002434                OTG_HS_EP1_OUT_IRQHandler
                0x0000000008002434                WWDG_IRQHandler
                0x0000000008002434                SPI6_IRQHandler
                0x0000000008002434                TIM2_IRQHandler
                0x0000000008002434                OTG_FS_WKUP_IRQHandler
                0x0000000008002434                TIM1_TRG_COM_TIM11_IRQHandler
                0x0000000008002434                OTG_HS_IRQHandler
                0x0000000008002434                DMA2D_IRQHandler
                0x0000000008002434                EXTI1_IRQHandler
                0x0000000008002434                UART7_IRQHandler
                0x0000000008002434                USART2_IRQHandler
                0x0000000008002434                I2C2_ER_IRQHandler
                0x0000000008002434                DMA2_Stream1_IRQHandler
                0x0000000008002434                CAN1_SCE_IRQHandler
                0x0000000008002434                FLASH_IRQHandler
                0x0000000008002434                DMA2_Stream4_IRQHandler
                0x0000000008002434                USART1_IRQHandler
                0x0000000008002434                OTG_FS_IRQHandler
                0x0000000008002434                SPI3_IRQHandler
                0x0000000008002434                DMA1_Stream4_IRQHandler
                0x0000000008002434                I2C1_ER_IRQHandler
                0x0000000008002434                FMC_IRQHandler
                0x0000000008002434                DMA2_Stream6_IRQHandler
                0x0000000008002434                SAI1_IRQHandler
                0x0000000008002434                DMA1_Stream3_IRQHandler
 *fill*         0x0000000008002436        0x2 
 .text.HAL_Init
                0x0000000008002438       0x44 Drivers/STM32F4xx_HAL_Driver/Src/stm32f4xx_hal.o
                0x0000000008002438                HAL_Init
 .text.HAL_InitTick
                0x000000000800247c       0x60 Drivers/STM32F4xx_HAL_Driver/Src/stm32f4xx_hal.o
                0x000000000800247c                HAL_InitTick
 .text.HAL_IncTick
                0x00000000080024dc       0x28 Drivers/STM32F4xx_HAL_Driver/Src/stm32f4xx_hal.o
                0x00000000080024dc                HAL_IncTick
 .text.HAL_GetTick
                0x0000000008002504       0x18 Drivers/STM32F4xx_HAL_Driver/Src/stm32f4xx_hal.o
                0x0000000008002504                HAL_GetTick
 .text.HAL_Delay
                0x000000000800251c       0x44 Drivers/STM32F4xx_HAL_Driver/Src/stm32f4xx_hal.o
                0x000000000800251c                HAL_Delay
 .text.__NVIC_SetPriorityGrouping
                0x0000000008002560       0x48 Drivers/STM32F4xx_HAL_Driver/Src/stm32f4xx_hal_cortex.o
 .text.__NVIC_GetPriorityGrouping
                0x00000000080025a8       0x1c Drivers/STM32F4xx_HAL_Driver/Src/stm32f4xx_hal_cortex.o
 .text.__NVIC_EnableIRQ
                0x00000000080025c4       0x3c Drivers/STM32F4xx_HAL_Driver/Src/stm32f4xx_hal_cortex.o
 .text.__NVIC_SetPriority
                0x0000000008002600       0x54 Drivers/STM32F4xx_HAL_Driver/Src/stm32f4xx_hal_cortex.o
 .text.NVIC_EncodePriority
                0x0000000008002654       0x66 Drivers/STM32F4xx_HAL_Driver/Src/stm32f4xx_hal_cortex.o
 *fill*         0x00000000080026ba        0x2 
 .text.SysTick_Config
                0x00000000080026bc       0x44 Drivers/STM32F4xx_HAL_Driver/Src/stm32f4xx_hal_cortex.o
 .text.HAL_NVIC_SetPriorityGrouping
                0x0000000008002700       0x16 Drivers/STM32F4xx_HAL_Driver/Src/stm32f4xx_hal_cortex.o
                0x0000000008002700                HAL_NVIC_SetPriorityGrouping
 .text.HAL_NVIC_SetPriority
                0x0000000008002716       0x38 Drivers/STM32F4xx_HAL_Driver/Src/stm32f4xx_hal_cortex.o
                0x0000000008002716                HAL_NVIC_SetPriority
 .text.HAL_NVIC_EnableIRQ
                0x000000000800274e       0x1c Drivers/STM32F4xx_HAL_Driver/Src/stm32f4xx_hal_cortex.o
                0x000000000800274e                HAL_NVIC_EnableIRQ
 .text.HAL_SYSTICK_Config
                0x000000000800276a       0x18 Drivers/STM32F4xx_HAL_Driver/Src/stm32f4xx_hal_cortex.o
                0x000000000800276a                HAL_SYSTICK_Config
 *fill*         0x0000000008002782        0x2 
 .text.HAL_GPIO_Init
                0x0000000008002784      0x354 Drivers/STM32F4xx_HAL_Driver/Src/stm32f4xx_hal_gpio.o
                0x0000000008002784                HAL_GPIO_Init
 .text.HAL_GPIO_WritePin
                0x0000000008002ad8       0x32 Drivers/STM32F4xx_HAL_Driver/Src/stm32f4xx_hal_gpio.o
                0x0000000008002ad8                HAL_GPIO_WritePin
 *fill*         0x0000000008002b0a        0x2 
 .text.HAL_GPIO_EXTI_IRQHandler
                0x0000000008002b0c       0x30 Drivers/STM32F4xx_HAL_Driver/Src/stm32f4xx_hal_gpio.o
                0x0000000008002b0c                HAL_GPIO_EXTI_IRQHandler
 .text.HAL_GPIO_EXTI_Callback
                0x0000000008002b3c       0x16 Drivers/STM32F4xx_HAL_Driver/Src/stm32f4xx_hal_gpio.o
                0x0000000008002b3c                HAL_GPIO_EXTI_Callback
 *fill*         0x0000000008002b52        0x2 
 .text.HAL_I2C_Init
                0x0000000008002b54      0x270 Drivers/STM32F4xx_HAL_Driver/Src/stm32f4xx_hal_i2c.o
                0x0000000008002b54                HAL_I2C_Init
 .text.HAL_I2C_Master_Transmit
                0x0000000008002dc4      0x1fc Drivers/STM32F4xx_HAL_Driver/Src/stm32f4xx_hal_i2c.o
                0x0000000008002dc4                HAL_I2C_Master_Transmit
 .text.HAL_I2C_Master_Receive
                0x0000000008002fc0      0x44c Drivers/STM32F4xx_HAL_Driver/Src/stm32f4xx_hal_i2c.o
                0x0000000008002fc0                HAL_I2C_Master_Receive
 .text.I2C_MasterRequestWrite
                0x000000000800340c      0x104 Drivers/STM32F4xx_HAL_Driver/Src/stm32f4xx_hal_i2c.o
 .text.I2C_MasterRequestRead
                0x0000000008003510      0x19c Drivers/STM32F4xx_HAL_Driver/Src/stm32f4xx_hal_i2c.o
 .text.I2C_WaitOnFlagUntilTimeout
                0x00000000080036ac       0xae Drivers/STM32F4xx_HAL_Driver/Src/stm32f4xx_hal_i2c.o
 .text.I2C_WaitOnMasterAddressFlagUntilTimeout
                0x000000000800375a       0xfe Drivers/STM32F4xx_HAL_Driver/Src/stm32f4xx_hal_i2c.o
 .text.I2C_WaitOnTXEFlagUntilTimeout
                0x0000000008003858       0x82 Drivers/STM32F4xx_HAL_Driver/Src/stm32f4xx_hal_i2c.o
 .text.I2C_WaitOnBTFFlagUntilTimeout
                0x00000000080038da       0x82 Drivers/STM32F4xx_HAL_Driver/Src/stm32f4xx_hal_i2c.o
 .text.I2C_WaitOnRXNEFlagUntilTimeout
                0x000000000800395c       0xac Drivers/STM32F4xx_HAL_Driver/Src/stm32f4xx_hal_i2c.o
 .text.I2C_IsAcknowledgeFailed
                0x0000000008003a08       0x5e Drivers/STM32F4xx_HAL_Driver/Src/stm32f4xx_hal_i2c.o
 .text.HAL_I2CEx_ConfigAnalogFilter
                0x0000000008003a66       0x78 Drivers/STM32F4xx_HAL_Driver/Src/stm32f4xx_hal_i2c_ex.o
                0x0000000008003a66                HAL_I2CEx_ConfigAnalogFilter
 .text.HAL_I2CEx_ConfigDigitalFilter
                0x0000000008003ade       0x7e Drivers/STM32F4xx_HAL_Driver/Src/stm32f4xx_hal_i2c_ex.o
                0x0000000008003ade                HAL_I2CEx_ConfigDigitalFilter
 .text.HAL_PCD_Init
                0x0000000008003b5c      0x23a Drivers/STM32F4xx_HAL_Driver/Src/stm32f4xx_hal_pcd.o
                0x0000000008003b5c                HAL_PCD_Init
 *fill*         0x0000000008003d96        0x2 
 .text.HAL_RCC_OscConfig
                0x0000000008003d98      0x4e0 Drivers/STM32F4xx_HAL_Driver/Src/stm32f4xx_hal_rcc.o
                0x0000000008003d98                HAL_RCC_OscConfig
 .text.HAL_RCC_ClockConfig
                0x0000000008004278      0x1cc Drivers/STM32F4xx_HAL_Driver/Src/stm32f4xx_hal_rcc.o
                0x0000000008004278                HAL_RCC_ClockConfig
 .text.HAL_RCC_GetSysClockFreq
                0x0000000008004444      0x1b0 Drivers/STM32F4xx_HAL_Driver/Src/stm32f4xx_hal_rcc.o
                0x0000000008004444                HAL_RCC_GetSysClockFreq
 .text.HAL_RCC_GetHCLKFreq
                0x00000000080045f4       0x18 Drivers/STM32F4xx_HAL_Driver/Src/stm32f4xx_hal_rcc.o
                0x00000000080045f4                HAL_RCC_GetHCLKFreq
 .text.HAL_RCC_GetPCLK1Freq
                0x000000000800460c       0x28 Drivers/STM32F4xx_HAL_Driver/Src/stm32f4xx_hal_rcc.o
                0x000000000800460c                HAL_RCC_GetPCLK1Freq
 .text.HAL_RCC_GetPCLK2Freq
                0x0000000008004634       0x28 Drivers/STM32F4xx_HAL_Driver/Src/stm32f4xx_hal_rcc.o
                0x0000000008004634                HAL_RCC_GetPCLK2Freq
 .text.HAL_UART_Init
                0x000000000800465c       0x9a Drivers/STM32F4xx_HAL_Driver/Src/stm32f4xx_hal_uart.o
                0x000000000800465c                HAL_UART_Init
 *fill*         0x00000000080046f6        0x2 
 .text.UART_SetConfig
                0x00000000080046f8      0x6f8 Drivers/STM32F4xx_HAL_Driver/Src/stm32f4xx_hal_uart.o
 .text.USB_CoreInit
                0x0000000008004df0       0xc2 Drivers/STM32F4xx_HAL_Driver/Src/stm32f4xx_ll_usb.o
                0x0000000008004df0                USB_CoreInit
 .text.USB_DisableGlobalInt
                0x0000000008004eb2       0x22 Drivers/STM32F4xx_HAL_Driver/Src/stm32f4xx_ll_usb.o
                0x0000000008004eb2                USB_DisableGlobalInt
 .text.USB_SetCurrentMode
                0x0000000008004ed4       0x54 Drivers/STM32F4xx_HAL_Driver/Src/stm32f4xx_ll_usb.o
                0x0000000008004ed4                USB_SetCurrentMode
 .text.USB_DevInit
                0x0000000008004f28      0x2c8 Drivers/STM32F4xx_HAL_Driver/Src/stm32f4xx_ll_usb.o
                0x0000000008004f28                USB_DevInit
 .text.USB_FlushTxFifo
                0x00000000080051f0       0x4c Drivers/STM32F4xx_HAL_Driver/Src/stm32f4xx_ll_usb.o
                0x00000000080051f0                USB_FlushTxFifo
 .text.USB_FlushRxFifo
                0x000000000800523c       0x44 Drivers/STM32F4xx_HAL_Driver/Src/stm32f4xx_ll_usb.o
                0x000000000800523c                USB_FlushRxFifo
 .text.USB_SetDevSpeed
                0x0000000008005280       0x32 Drivers/STM32F4xx_HAL_Driver/Src/stm32f4xx_ll_usb.o
                0x0000000008005280                USB_SetDevSpeed
 .text.USB_DevDisconnect
                0x00000000080052b2       0x42 Drivers/STM32F4xx_HAL_Driver/Src/stm32f4xx_ll_usb.o
                0x00000000080052b2                USB_DevDisconnect
 .text.USB_CoreReset
                0x00000000080052f4       0x68 Drivers/STM32F4xx_HAL_Driver/Src/stm32f4xx_ll_usb.o
 .text.__errno  0x000000000800535c        0xc c:/st/stm32cubeide_1.5.1/stm32cubeide/plugins/com.st.stm32cube.ide.mcu.externaltools.gnu-tools-for-stm32.7-2018-q2-update.win32_1.5.0.202011040924/tools/bin/../lib/gcc/arm-none-eabi/7.3.1/../../../../arm-none-eabi/lib/thumb/v7e-m/fpv4-sp/hard\libc_nano.a(lib_a-errno.o)
                0x000000000800535c                __errno
 .text.__libc_init_array
                0x0000000008005368       0x48 c:/st/stm32cubeide_1.5.1/stm32cubeide/plugins/com.st.stm32cube.ide.mcu.externaltools.gnu-tools-for-stm32.7-2018-q2-update.win32_1.5.0.202011040924/tools/bin/../lib/gcc/arm-none-eabi/7.3.1/../../../../arm-none-eabi/lib/thumb/v7e-m/fpv4-sp/hard\libc_nano.a(lib_a-init.o)
                0x0000000008005368                __libc_init_array
 .text.memset   0x00000000080053b0       0x10 c:/st/stm32cubeide_1.5.1/stm32cubeide/plugins/com.st.stm32cube.ide.mcu.externaltools.gnu-tools-for-stm32.7-2018-q2-update.win32_1.5.0.202011040924/tools/bin/../lib/gcc/arm-none-eabi/7.3.1/../../../../arm-none-eabi/lib/thumb/v7e-m/fpv4-sp/hard\libc_nano.a(lib_a-memset.o)
                0x00000000080053b0                memset
 .text.log      0x00000000080053c0      0x100 c:/st/stm32cubeide_1.5.1/stm32cubeide/plugins/com.st.stm32cube.ide.mcu.externaltools.gnu-tools-for-stm32.7-2018-q2-update.win32_1.5.0.202011040924/tools/bin/../lib/gcc/arm-none-eabi/7.3.1/../../../../arm-none-eabi/lib/thumb/v7e-m/fpv4-sp/hard\libm.a(lib_a-w_log.o)
                0x00000000080053c0                log
 .text.sqrt     0x00000000080054c0       0xb4 c:/st/stm32cubeide_1.5.1/stm32cubeide/plugins/com.st.stm32cube.ide.mcu.externaltools.gnu-tools-for-stm32.7-2018-q2-update.win32_1.5.0.202011040924/tools/bin/../lib/gcc/arm-none-eabi/7.3.1/../../../../arm-none-eabi/lib/thumb/v7e-m/fpv4-sp/hard\libm.a(lib_a-w_sqrt.o)
                0x00000000080054c0                sqrt
 *fill*         0x0000000008005574        0x4 
 .text.__ieee754_log
                0x0000000008005578      0x364 c:/st/stm32cubeide_1.5.1/stm32cubeide/plugins/com.st.stm32cube.ide.mcu.externaltools.gnu-tools-for-stm32.7-2018-q2-update.win32_1.5.0.202011040924/tools/bin/../lib/gcc/arm-none-eabi/7.3.1/../../../../arm-none-eabi/lib/thumb/v7e-m/fpv4-sp/hard\libm.a(lib_a-e_log.o)
                0x0000000008005578                __ieee754_log
 .text.__ieee754_sqrt
                0x00000000080058dc      0x160 c:/st/stm32cubeide_1.5.1/stm32cubeide/plugins/com.st.stm32cube.ide.mcu.externaltools.gnu-tools-for-stm32.7-2018-q2-update.win32_1.5.0.202011040924/tools/bin/../lib/gcc/arm-none-eabi/7.3.1/../../../../arm-none-eabi/lib/thumb/v7e-m/fpv4-sp/hard\libm.a(lib_a-e_sqrt.o)
                0x00000000080058dc                __ieee754_sqrt
 .text.matherr  0x0000000008005a3c        0x4 c:/st/stm32cubeide_1.5.1/stm32cubeide/plugins/com.st.stm32cube.ide.mcu.externaltools.gnu-tools-for-stm32.7-2018-q2-update.win32_1.5.0.202011040924/tools/bin/../lib/gcc/arm-none-eabi/7.3.1/../../../../arm-none-eabi/lib/thumb/v7e-m/fpv4-sp/hard\libm.a(lib_a-s_matherr.o)
                0x0000000008005a3c                matherr
 .text.nan      0x0000000008005a40       0x10 c:/st/stm32cubeide_1.5.1/stm32cubeide/plugins/com.st.stm32cube.ide.mcu.externaltools.gnu-tools-for-stm32.7-2018-q2-update.win32_1.5.0.202011040924/tools/bin/../lib/gcc/arm-none-eabi/7.3.1/../../../../arm-none-eabi/lib/thumb/v7e-m/fpv4-sp/hard\libm.a(lib_a-s_nan.o)
                0x0000000008005a40                nan
 *(.glue_7)
 .glue_7        0x0000000008005a50        0x0 linker stubs
 *(.glue_7t)
 .glue_7t       0x0000000008005a50        0x0 linker stubs
 *(.eh_frame)
 .eh_frame      0x0000000008005a50        0x0 c:/st/stm32cubeide_1.5.1/stm32cubeide/plugins/com.st.stm32cube.ide.mcu.externaltools.gnu-tools-for-stm32.7-2018-q2-update.win32_1.5.0.202011040924/tools/bin/../lib/gcc/arm-none-eabi/7.3.1/thumb/v7e-m/fpv4-sp/hard/crtbegin.o
 *(.init)
 .init          0x0000000008005a50        0x4 c:/st/stm32cubeide_1.5.1/stm32cubeide/plugins/com.st.stm32cube.ide.mcu.externaltools.gnu-tools-for-stm32.7-2018-q2-update.win32_1.5.0.202011040924/tools/bin/../lib/gcc/arm-none-eabi/7.3.1/thumb/v7e-m/fpv4-sp/hard/crti.o
                0x0000000008005a50                _init
 .init          0x0000000008005a54        0x8 c:/st/stm32cubeide_1.5.1/stm32cubeide/plugins/com.st.stm32cube.ide.mcu.externaltools.gnu-tools-for-stm32.7-2018-q2-update.win32_1.5.0.202011040924/tools/bin/../lib/gcc/arm-none-eabi/7.3.1/thumb/v7e-m/fpv4-sp/hard/crtn.o
 *(.fini)
 .fini          0x0000000008005a5c        0x4 c:/st/stm32cubeide_1.5.1/stm32cubeide/plugins/com.st.stm32cube.ide.mcu.externaltools.gnu-tools-for-stm32.7-2018-q2-update.win32_1.5.0.202011040924/tools/bin/../lib/gcc/arm-none-eabi/7.3.1/thumb/v7e-m/fpv4-sp/hard/crti.o
                0x0000000008005a5c                _fini
 .fini          0x0000000008005a60        0x8 c:/st/stm32cubeide_1.5.1/stm32cubeide/plugins/com.st.stm32cube.ide.mcu.externaltools.gnu-tools-for-stm32.7-2018-q2-update.win32_1.5.0.202011040924/tools/bin/../lib/gcc/arm-none-eabi/7.3.1/thumb/v7e-m/fpv4-sp/hard/crtn.o
                0x0000000008005a68                . = ALIGN (0x4)
                0x0000000008005a68                _etext = .

.vfp11_veneer   0x0000000008005a68        0x0
 .vfp11_veneer  0x0000000008005a68        0x0 linker stubs

.v4_bx          0x0000000008005a68        0x0
 .v4_bx         0x0000000008005a68        0x0 linker stubs

.iplt           0x0000000008005a68        0x0
 .iplt          0x0000000008005a68        0x0 c:/st/stm32cubeide_1.5.1/stm32cubeide/plugins/com.st.stm32cube.ide.mcu.externaltools.gnu-tools-for-stm32.7-2018-q2-update.win32_1.5.0.202011040924/tools/bin/../lib/gcc/arm-none-eabi/7.3.1/thumb/v7e-m/fpv4-sp/hard/crtbegin.o

.rodata         0x0000000008005a68       0x24
                0x0000000008005a68                . = ALIGN (0x4)
 *(.rodata)
 *(.rodata*)
 .rodata.AHBPrescTable
                0x0000000008005a68       0x10 Core/Src/system_stm32f4xx.o
                0x0000000008005a68                AHBPrescTable
 .rodata.APBPrescTable
                0x0000000008005a78        0x8 Core/Src/system_stm32f4xx.o
                0x0000000008005a78                APBPrescTable
 .rodata.log.str1.1
                0x0000000008005a80        0x4 c:/st/stm32cubeide_1.5.1/stm32cubeide/plugins/com.st.stm32cube.ide.mcu.externaltools.gnu-tools-for-stm32.7-2018-q2-update.win32_1.5.0.202011040924/tools/bin/../lib/gcc/arm-none-eabi/7.3.1/../../../../arm-none-eabi/lib/thumb/v7e-m/fpv4-sp/hard\libm.a(lib_a-w_log.o)
                                          0x5 (size before relaxing)
 .rodata.sqrt.str1.1
                0x0000000008005a84        0x5 c:/st/stm32cubeide_1.5.1/stm32cubeide/plugins/com.st.stm32cube.ide.mcu.externaltools.gnu-tools-for-stm32.7-2018-q2-update.win32_1.5.0.202011040924/tools/bin/../lib/gcc/arm-none-eabi/7.3.1/../../../../arm-none-eabi/lib/thumb/v7e-m/fpv4-sp/hard\libm.a(lib_a-w_sqrt.o)
                0x0000000008005a8c                . = ALIGN (0x4)
 *fill*         0x0000000008005a89        0x3 

.ARM.extab      0x0000000008005a8c        0x0
                0x0000000008005a8c                . = ALIGN (0x4)
 *(.ARM.extab* .gnu.linkonce.armextab.*)
                0x0000000008005a8c                . = ALIGN (0x4)

.ARM            0x0000000008005a8c        0x8
                0x0000000008005a8c                . = ALIGN (0x4)
                0x0000000008005a8c                __exidx_start = .
 *(.ARM.exidx*)
 .ARM.exidx     0x0000000008005a8c        0x8 c:/st/stm32cubeide_1.5.1/stm32cubeide/plugins/com.st.stm32cube.ide.mcu.externaltools.gnu-tools-for-stm32.7-2018-q2-update.win32_1.5.0.202011040924/tools/bin/../lib/gcc/arm-none-eabi/7.3.1/thumb/v7e-m/fpv4-sp/hard\libgcc.a(_udivmoddi4.o)
                0x0000000008005a94                __exidx_end = .
                0x0000000008005a94                . = ALIGN (0x4)

.rel.dyn        0x0000000008005a94        0x0
 .rel.iplt      0x0000000008005a94        0x0 c:/st/stm32cubeide_1.5.1/stm32cubeide/plugins/com.st.stm32cube.ide.mcu.externaltools.gnu-tools-for-stm32.7-2018-q2-update.win32_1.5.0.202011040924/tools/bin/../lib/gcc/arm-none-eabi/7.3.1/thumb/v7e-m/fpv4-sp/hard/crtbegin.o

.preinit_array  0x0000000008005a94        0x0
                0x0000000008005a94                . = ALIGN (0x4)
                0x0000000008005a94                PROVIDE (__preinit_array_start = .)
 *(.preinit_array*)
                0x0000000008005a94                PROVIDE (__preinit_array_end = .)
                0x0000000008005a94                . = ALIGN (0x4)

.init_array     0x0000000008005a94        0x4
                0x0000000008005a94                . = ALIGN (0x4)
                0x0000000008005a94                PROVIDE (__init_array_start = .)
 *(SORT_BY_NAME(.init_array.*))
 *(.init_array*)
 .init_array    0x0000000008005a94        0x4 c:/st/stm32cubeide_1.5.1/stm32cubeide/plugins/com.st.stm32cube.ide.mcu.externaltools.gnu-tools-for-stm32.7-2018-q2-update.win32_1.5.0.202011040924/tools/bin/../lib/gcc/arm-none-eabi/7.3.1/thumb/v7e-m/fpv4-sp/hard/crtbegin.o
                0x0000000008005a98                PROVIDE (__init_array_end = .)
                0x0000000008005a98                . = ALIGN (0x4)

.fini_array     0x0000000008005a98        0x4
                0x0000000008005a98                . = ALIGN (0x4)
                [!provide]                        PROVIDE (__fini_array_start = .)
 *(SORT_BY_NAME(.fini_array.*))
 *(.fini_array*)
 .fini_array    0x0000000008005a98        0x4 c:/st/stm32cubeide_1.5.1/stm32cubeide/plugins/com.st.stm32cube.ide.mcu.externaltools.gnu-tools-for-stm32.7-2018-q2-update.win32_1.5.0.202011040924/tools/bin/../lib/gcc/arm-none-eabi/7.3.1/thumb/v7e-m/fpv4-sp/hard/crtbegin.o
                [!provide]                        PROVIDE (__fini_array_end = .)
                0x0000000008005a9c                . = ALIGN (0x4)
                0x0000000008005a9c                _sidata = LOADADDR (.data)

.data           0x0000000020000000       0x78 load address 0x0000000008005a9c
                0x0000000020000000                . = ALIGN (0x4)
                0x0000000020000000                _sdata = .
 *(.data)
 *(.data*)
 .data.measurementMode
                0x0000000020000000        0x1 Core/Src/pulse_oximiter.o
                0x0000000020000000                measurementMode
 *fill*         0x0000000020000001        0x3 
 .data.SystemCoreClock
                0x0000000020000004        0x4 Core/Src/system_stm32f4xx.o
                0x0000000020000004                SystemCoreClock
 .data.uwTickPrio
                0x0000000020000008        0x4 Drivers/STM32F4xx_HAL_Driver/Src/stm32f4xx_hal.o
                0x0000000020000008                uwTickPrio
 .data.uwTickFreq
                0x000000002000000c        0x1 Drivers/STM32F4xx_HAL_Driver/Src/stm32f4xx_hal.o
                0x000000002000000c                uwTickFreq
 *fill*         0x000000002000000d        0x3 
 .data._impure_ptr
                0x0000000020000010        0x4 c:/st/stm32cubeide_1.5.1/stm32cubeide/plugins/com.st.stm32cube.ide.mcu.externaltools.gnu-tools-for-stm32.7-2018-q2-update.win32_1.5.0.202011040924/tools/bin/../lib/gcc/arm-none-eabi/7.3.1/../../../../arm-none-eabi/lib/thumb/v7e-m/fpv4-sp/hard\libc_nano.a(lib_a-impure.o)
                0x0000000020000010                _impure_ptr
 .data.impure_data
                0x0000000020000014       0x60 c:/st/stm32cubeide_1.5.1/stm32cubeide/plugins/com.st.stm32cube.ide.mcu.externaltools.gnu-tools-for-stm32.7-2018-q2-update.win32_1.5.0.202011040924/tools/bin/../lib/gcc/arm-none-eabi/7.3.1/../../../../arm-none-eabi/lib/thumb/v7e-m/fpv4-sp/hard\libc_nano.a(lib_a-impure.o)
 .data.__fdlib_version
                0x0000000020000074        0x1 c:/st/stm32cubeide_1.5.1/stm32cubeide/plugins/com.st.stm32cube.ide.mcu.externaltools.gnu-tools-for-stm32.7-2018-q2-update.win32_1.5.0.202011040924/tools/bin/../lib/gcc/arm-none-eabi/7.3.1/../../../../arm-none-eabi/lib/thumb/v7e-m/fpv4-sp/hard\libm.a(lib_a-s_lib_ver.o)
                0x0000000020000074                __fdlib_version
 *(.RamFunc)
 *(.RamFunc*)
                0x0000000020000078                . = ALIGN (0x4)
 *fill*         0x0000000020000075        0x3 
                0x0000000020000078                _edata = .

.igot.plt       0x0000000020000078        0x0 load address 0x0000000008005b14
 .igot.plt      0x0000000020000078        0x0 c:/st/stm32cubeide_1.5.1/stm32cubeide/plugins/com.st.stm32cube.ide.mcu.externaltools.gnu-tools-for-stm32.7-2018-q2-update.win32_1.5.0.202011040924/tools/bin/../lib/gcc/arm-none-eabi/7.3.1/thumb/v7e-m/fpv4-sp/hard/crtbegin.o
                0x0000000020000078                . = ALIGN (0x4)

.bss            0x0000000020000078      0x688 load address 0x0000000008005b14
                0x0000000020000078                _sbss = .
                0x0000000020000078                __bss_start__ = _sbss
 *(.bss)
 .bss           0x0000000020000078       0x1c c:/st/stm32cubeide_1.5.1/stm32cubeide/plugins/com.st.stm32cube.ide.mcu.externaltools.gnu-tools-for-stm32.7-2018-q2-update.win32_1.5.0.202011040924/tools/bin/../lib/gcc/arm-none-eabi/7.3.1/thumb/v7e-m/fpv4-sp/hard/crtbegin.o
 *(.bss*)
 .bss.pulseOximiter
                0x0000000020000094       0x28 Core/Src/pulse_oximiter.o
                0x0000000020000094                pulseOximiter
 .bss.fifoData  0x00000000200000bc        0x4 Core/Src/pulse_oximiter.o
                0x00000000200000bc                fifoData
 .bss.dcFilterIR
                0x00000000200000c0        0x8 Core/Src/pulse_oximiter.o
                0x00000000200000c0                dcFilterIR
 .bss.dcFilterRed
                0x00000000200000c8        0x8 Core/Src/pulse_oximiter.o
                0x00000000200000c8                dcFilterRed
 .bss.meanDiffIR
                0x00000000200000d0       0x48 Core/Src/pulse_oximiter.o
                0x00000000200000d0                meanDiffIR
 .bss.lpbFilterIR
                0x0000000020000118        0xc Core/Src/pulse_oximiter.o
                0x0000000020000118                lpbFilterIR
 .bss.valuesBPM
                0x0000000020000124       0x28 Core/Src/pulse_oximiter.o
                0x0000000020000124                valuesBPM
 .bss.valuesBPMSum
                0x000000002000014c        0x4 Core/Src/pulse_oximiter.o
                0x000000002000014c                valuesBPMSum
 .bss.valuesBPMCount
                0x0000000020000150        0x1 Core/Src/pulse_oximiter.o
                0x0000000020000150                valuesBPMCount
 .bss.bpmIndex  0x0000000020000151        0x1 Core/Src/pulse_oximiter.o
                0x0000000020000151                bpmIndex
 *fill*         0x0000000020000152        0x2 
 .bss.lastBeatThreshold
                0x0000000020000154        0x4 Core/Src/pulse_oximiter.o
                0x0000000020000154                lastBeatThreshold
 .bss.irACValueSqSum
                0x0000000020000158        0x4 Core/Src/pulse_oximiter.o
                0x0000000020000158                irACValueSqSum
 .bss.redACValueSqSum
                0x000000002000015c        0x4 Core/Src/pulse_oximiter.o
                0x000000002000015c                redACValueSqSum
 .bss.samplesRecorded
                0x0000000020000160        0x2 Core/Src/pulse_oximiter.o
                0x0000000020000160                samplesRecorded
 .bss.pulsesDetected
                0x0000000020000162        0x2 Core/Src/pulse_oximiter.o
                0x0000000020000162                pulsesDetected
 .bss.currentSpO2Value
                0x0000000020000164        0x4 Core/Src/pulse_oximiter.o
                0x0000000020000164                currentSpO2Value
 .bss.redLEDCurrent
                0x0000000020000168        0x1 Core/Src/pulse_oximiter.o
                0x0000000020000168                redLEDCurrent
 *fill*         0x0000000020000169        0x3 
 .bss.lastREDLedCurrentCheck
                0x000000002000016c        0x4 Core/Src/pulse_oximiter.o
                0x000000002000016c                lastREDLedCurrentCheck
 .bss.currentPulseDetectorState
                0x0000000020000170        0x1 Core/Src/pulse_oximiter.o
                0x0000000020000170                currentPulseDetectorState
 *fill*         0x0000000020000171        0x3 
 .bss.prev_sensor_value.9279
                0x0000000020000174        0x4 Core/Src/pulse_oximiter.o
 .bss.lastBeat.9282
                0x0000000020000178        0x4 Core/Src/pulse_oximiter.o
 .bss.currentBeat.9281
                0x000000002000017c        0x4 Core/Src/pulse_oximiter.o
 .bss.values_went_down.9280
                0x0000000020000180        0x1 Core/Src/pulse_oximiter.o
 *(COMMON)
 *fill*         0x0000000020000181        0x3 
 COMMON         0x0000000020000184      0x4dc Core/Src/main.o
                0x0000000020000184                huart3
                0x00000000200001c4                hi2c1
                0x0000000020000218                hpcd_USB_OTG_FS
                0x0000000020000620                huart6
 COMMON         0x0000000020000660       0x59 Core/Src/pulse_oximiter.o
                0x0000000020000660                hi2c2
                0x00000000200006b4                currentBPM
                0x00000000200006b8                IrLedCurrent
 *fill*         0x00000000200006b9        0x3 
 COMMON         0x00000000200006bc       0x40 Core/Src/uart.o
                0x00000000200006bc                stLinkUart
 COMMON         0x00000000200006fc        0x4 Drivers/STM32F4xx_HAL_Driver/Src/stm32f4xx_hal.o
                0x00000000200006fc                uwTick
                0x0000000020000700                . = ALIGN (0x4)
                0x0000000020000700                _ebss = .
                0x0000000020000700                __bss_end__ = _ebss

._user_heap_stack
                0x0000000020000700      0x600 load address 0x0000000008005b14
                0x0000000020000700                . = ALIGN (0x8)
                [!provide]                        PROVIDE (end = .)
                0x0000000020000700                PROVIDE (_end = .)
                0x0000000020000900                . = (. + _Min_Heap_Size)
 *fill*         0x0000000020000700      0x200 
                0x0000000020000d00                . = (. + _Min_Stack_Size)
 *fill*         0x0000000020000900      0x400 
                0x0000000020000d00                . = ALIGN (0x8)

/DISCARD/
 libc.a(*)
 libm.a(*)
 libgcc.a(*)

.ARM.attributes
                0x0000000000000000       0x30
 *(.ARM.attributes)
 .ARM.attributes
                0x0000000000000000       0x22 c:/st/stm32cubeide_1.5.1/stm32cubeide/plugins/com.st.stm32cube.ide.mcu.externaltools.gnu-tools-for-stm32.7-2018-q2-update.win32_1.5.0.202011040924/tools/bin/../lib/gcc/arm-none-eabi/7.3.1/thumb/v7e-m/fpv4-sp/hard/crti.o
 .ARM.attributes
                0x0000000000000022       0x34 c:/st/stm32cubeide_1.5.1/stm32cubeide/plugins/com.st.stm32cube.ide.mcu.externaltools.gnu-tools-for-stm32.7-2018-q2-update.win32_1.5.0.202011040924/tools/bin/../lib/gcc/arm-none-eabi/7.3.1/thumb/v7e-m/fpv4-sp/hard/crtbegin.o
 .ARM.attributes
                0x0000000000000056       0x39 Core/Src/filter.o
 .ARM.attributes
                0x000000000000008f       0x39 Core/Src/main.o
 .ARM.attributes
                0x00000000000000c8       0x39 Core/Src/pulse_oximiter.o
 .ARM.attributes
                0x0000000000000101       0x39 Core/Src/stm32f4xx_hal_msp.o
 .ARM.attributes
                0x000000000000013a       0x39 Core/Src/stm32f4xx_it.o
 .ARM.attributes
                0x0000000000000173       0x39 Core/Src/system.o
 .ARM.attributes
                0x00000000000001ac       0x39 Core/Src/system_stm32f4xx.o
 .ARM.attributes
                0x00000000000001e5       0x39 Core/Src/uart.o
 .ARM.attributes
                0x000000000000021e       0x21 Core/Startup/startup_stm32f429zitx.o
 .ARM.attributes
                0x000000000000023f       0x39 Drivers/STM32F4xx_HAL_Driver/Src/stm32f4xx_hal.o
 .ARM.attributes
                0x0000000000000278       0x39 Drivers/STM32F4xx_HAL_Driver/Src/stm32f4xx_hal_cortex.o
 .ARM.attributes
                0x00000000000002b1       0x39 Drivers/STM32F4xx_HAL_Driver/Src/stm32f4xx_hal_gpio.o
 .ARM.attributes
                0x00000000000002ea       0x39 Drivers/STM32F4xx_HAL_Driver/Src/stm32f4xx_hal_i2c.o
 .ARM.attributes
                0x0000000000000323       0x39 Drivers/STM32F4xx_HAL_Driver/Src/stm32f4xx_hal_i2c_ex.o
 .ARM.attributes
                0x000000000000035c       0x39 Drivers/STM32F4xx_HAL_Driver/Src/stm32f4xx_hal_pcd.o
 .ARM.attributes
                0x0000000000000395       0x39 Drivers/STM32F4xx_HAL_Driver/Src/stm32f4xx_hal_rcc.o
 .ARM.attributes
                0x00000000000003ce       0x39 Drivers/STM32F4xx_HAL_Driver/Src/stm32f4xx_hal_uart.o
 .ARM.attributes
                0x0000000000000407       0x39 Drivers/STM32F4xx_HAL_Driver/Src/stm32f4xx_ll_usb.o
 .ARM.attributes
                0x0000000000000440       0x34 c:/st/stm32cubeide_1.5.1/stm32cubeide/plugins/com.st.stm32cube.ide.mcu.externaltools.gnu-tools-for-stm32.7-2018-q2-update.win32_1.5.0.202011040924/tools/bin/../lib/gcc/arm-none-eabi/7.3.1/../../../../arm-none-eabi/lib/thumb/v7e-m/fpv4-sp/hard\libc_nano.a(lib_a-errno.o)
 .ARM.attributes
                0x0000000000000474       0x34 c:/st/stm32cubeide_1.5.1/stm32cubeide/plugins/com.st.stm32cube.ide.mcu.externaltools.gnu-tools-for-stm32.7-2018-q2-update.win32_1.5.0.202011040924/tools/bin/../lib/gcc/arm-none-eabi/7.3.1/../../../../arm-none-eabi/lib/thumb/v7e-m/fpv4-sp/hard\libc_nano.a(lib_a-impure.o)
 .ARM.attributes
                0x00000000000004a8       0x34 c:/st/stm32cubeide_1.5.1/stm32cubeide/plugins/com.st.stm32cube.ide.mcu.externaltools.gnu-tools-for-stm32.7-2018-q2-update.win32_1.5.0.202011040924/tools/bin/../lib/gcc/arm-none-eabi/7.3.1/../../../../arm-none-eabi/lib/thumb/v7e-m/fpv4-sp/hard\libc_nano.a(lib_a-init.o)
 .ARM.attributes
                0x00000000000004dc       0x34 c:/st/stm32cubeide_1.5.1/stm32cubeide/plugins/com.st.stm32cube.ide.mcu.externaltools.gnu-tools-for-stm32.7-2018-q2-update.win32_1.5.0.202011040924/tools/bin/../lib/gcc/arm-none-eabi/7.3.1/../../../../arm-none-eabi/lib/thumb/v7e-m/fpv4-sp/hard\libc_nano.a(lib_a-memset.o)
 .ARM.attributes
                0x0000000000000510       0x34 c:/st/stm32cubeide_1.5.1/stm32cubeide/plugins/com.st.stm32cube.ide.mcu.externaltools.gnu-tools-for-stm32.7-2018-q2-update.win32_1.5.0.202011040924/tools/bin/../lib/gcc/arm-none-eabi/7.3.1/../../../../arm-none-eabi/lib/thumb/v7e-m/fpv4-sp/hard\libm.a(lib_a-w_log.o)
 .ARM.attributes
                0x0000000000000544       0x34 c:/st/stm32cubeide_1.5.1/stm32cubeide/plugins/com.st.stm32cube.ide.mcu.externaltools.gnu-tools-for-stm32.7-2018-q2-update.win32_1.5.0.202011040924/tools/bin/../lib/gcc/arm-none-eabi/7.3.1/../../../../arm-none-eabi/lib/thumb/v7e-m/fpv4-sp/hard\libm.a(lib_a-w_sqrt.o)
 .ARM.attributes
                0x0000000000000578       0x34 c:/st/stm32cubeide_1.5.1/stm32cubeide/plugins/com.st.stm32cube.ide.mcu.externaltools.gnu-tools-for-stm32.7-2018-q2-update.win32_1.5.0.202011040924/tools/bin/../lib/gcc/arm-none-eabi/7.3.1/../../../../arm-none-eabi/lib/thumb/v7e-m/fpv4-sp/hard\libm.a(lib_a-e_log.o)
 .ARM.attributes
                0x00000000000005ac       0x34 c:/st/stm32cubeide_1.5.1/stm32cubeide/plugins/com.st.stm32cube.ide.mcu.externaltools.gnu-tools-for-stm32.7-2018-q2-update.win32_1.5.0.202011040924/tools/bin/../lib/gcc/arm-none-eabi/7.3.1/../../../../arm-none-eabi/lib/thumb/v7e-m/fpv4-sp/hard\libm.a(lib_a-e_sqrt.o)
 .ARM.attributes
                0x00000000000005e0       0x34 c:/st/stm32cubeide_1.5.1/stm32cubeide/plugins/com.st.stm32cube.ide.mcu.externaltools.gnu-tools-for-stm32.7-2018-q2-update.win32_1.5.0.202011040924/tools/bin/../lib/gcc/arm-none-eabi/7.3.1/../../../../arm-none-eabi/lib/thumb/v7e-m/fpv4-sp/hard\libm.a(lib_a-s_lib_ver.o)
 .ARM.attributes
                0x0000000000000614       0x34 c:/st/stm32cubeide_1.5.1/stm32cubeide/plugins/com.st.stm32cube.ide.mcu.externaltools.gnu-tools-for-stm32.7-2018-q2-update.win32_1.5.0.202011040924/tools/bin/../lib/gcc/arm-none-eabi/7.3.1/../../../../arm-none-eabi/lib/thumb/v7e-m/fpv4-sp/hard\libm.a(lib_a-s_matherr.o)
 .ARM.attributes
                0x0000000000000648       0x34 c:/st/stm32cubeide_1.5.1/stm32cubeide/plugins/com.st.stm32cube.ide.mcu.externaltools.gnu-tools-for-stm32.7-2018-q2-update.win32_1.5.0.202011040924/tools/bin/../lib/gcc/arm-none-eabi/7.3.1/../../../../arm-none-eabi/lib/thumb/v7e-m/fpv4-sp/hard\libm.a(lib_a-s_nan.o)
 .ARM.attributes
                0x000000000000067c       0x22 c:/st/stm32cubeide_1.5.1/stm32cubeide/plugins/com.st.stm32cube.ide.mcu.externaltools.gnu-tools-for-stm32.7-2018-q2-update.win32_1.5.0.202011040924/tools/bin/../lib/gcc/arm-none-eabi/7.3.1/thumb/v7e-m/fpv4-sp/hard\libgcc.a(_arm_addsubdf3.o)
 .ARM.attributes
                0x000000000000069e       0x22 c:/st/stm32cubeide_1.5.1/stm32cubeide/plugins/com.st.stm32cube.ide.mcu.externaltools.gnu-tools-for-stm32.7-2018-q2-update.win32_1.5.0.202011040924/tools/bin/../lib/gcc/arm-none-eabi/7.3.1/thumb/v7e-m/fpv4-sp/hard\libgcc.a(_arm_muldivdf3.o)
 .ARM.attributes
                0x00000000000006c0       0x22 c:/st/stm32cubeide_1.5.1/stm32cubeide/plugins/com.st.stm32cube.ide.mcu.externaltools.gnu-tools-for-stm32.7-2018-q2-update.win32_1.5.0.202011040924/tools/bin/../lib/gcc/arm-none-eabi/7.3.1/thumb/v7e-m/fpv4-sp/hard\libgcc.a(_arm_cmpdf2.o)
 .ARM.attributes
                0x00000000000006e2       0x22 c:/st/stm32cubeide_1.5.1/stm32cubeide/plugins/com.st.stm32cube.ide.mcu.externaltools.gnu-tools-for-stm32.7-2018-q2-update.win32_1.5.0.202011040924/tools/bin/../lib/gcc/arm-none-eabi/7.3.1/thumb/v7e-m/fpv4-sp/hard\libgcc.a(_arm_unorddf2.o)
 .ARM.attributes
                0x0000000000000704       0x22 c:/st/stm32cubeide_1.5.1/stm32cubeide/plugins/com.st.stm32cube.ide.mcu.externaltools.gnu-tools-for-stm32.7-2018-q2-update.win32_1.5.0.202011040924/tools/bin/../lib/gcc/arm-none-eabi/7.3.1/thumb/v7e-m/fpv4-sp/hard\libgcc.a(_arm_fixunsdfsi.o)
 .ARM.attributes
                0x0000000000000726       0x22 c:/st/stm32cubeide_1.5.1/stm32cubeide/plugins/com.st.stm32cube.ide.mcu.externaltools.gnu-tools-for-stm32.7-2018-q2-update.win32_1.5.0.202011040924/tools/bin/../lib/gcc/arm-none-eabi/7.3.1/thumb/v7e-m/fpv4-sp/hard\libgcc.a(_arm_truncdfsf2.o)
 .ARM.attributes
                0x0000000000000748       0x22 c:/st/stm32cubeide_1.5.1/stm32cubeide/plugins/com.st.stm32cube.ide.mcu.externaltools.gnu-tools-for-stm32.7-2018-q2-update.win32_1.5.0.202011040924/tools/bin/../lib/gcc/arm-none-eabi/7.3.1/thumb/v7e-m/fpv4-sp/hard\libgcc.a(_aeabi_uldivmod.o)
 .ARM.attributes
                0x000000000000076a       0x34 c:/st/stm32cubeide_1.5.1/stm32cubeide/plugins/com.st.stm32cube.ide.mcu.externaltools.gnu-tools-for-stm32.7-2018-q2-update.win32_1.5.0.202011040924/tools/bin/../lib/gcc/arm-none-eabi/7.3.1/thumb/v7e-m/fpv4-sp/hard\libgcc.a(_udivmoddi4.o)
 .ARM.attributes
                0x000000000000079e       0x22 c:/st/stm32cubeide_1.5.1/stm32cubeide/plugins/com.st.stm32cube.ide.mcu.externaltools.gnu-tools-for-stm32.7-2018-q2-update.win32_1.5.0.202011040924/tools/bin/../lib/gcc/arm-none-eabi/7.3.1/thumb/v7e-m/fpv4-sp/hard\libgcc.a(_dvmd_tls.o)
 .ARM.attributes
                0x00000000000007c0       0x22 c:/st/stm32cubeide_1.5.1/stm32cubeide/plugins/com.st.stm32cube.ide.mcu.externaltools.gnu-tools-for-stm32.7-2018-q2-update.win32_1.5.0.202011040924/tools/bin/../lib/gcc/arm-none-eabi/7.3.1/thumb/v7e-m/fpv4-sp/hard/crtn.o
OUTPUT(stm32-max30102.elf elf32-littlearm)

.debug_info     0x0000000000000000     0xf898
 .debug_info    0x0000000000000000      0x2fa Core/Src/filter.o
 .debug_info    0x00000000000002fa     0x1fdf Core/Src/main.o
 .debug_info    0x00000000000022d9     0x1af6 Core/Src/pulse_oximiter.o
 .debug_info    0x0000000000003dcf     0x113d Core/Src/stm32f4xx_hal_msp.o
 .debug_info    0x0000000000004f0c      0x231 Core/Src/stm32f4xx_it.o
 .debug_info    0x000000000000513d      0x1b3 Core/Src/system.o
 .debug_info    0x00000000000052f0      0x56e Core/Src/system_stm32f4xx.o
 .debug_info    0x000000000000585e      0xed5 Core/Src/uart.o
 .debug_info    0x0000000000006733       0x22 Core/Startup/startup_stm32f429zitx.o
 .debug_info    0x0000000000006755      0x9b9 Drivers/STM32F4xx_HAL_Driver/Src/stm32f4xx_hal.o
 .debug_info    0x000000000000710e      0xe5e Drivers/STM32F4xx_HAL_Driver/Src/stm32f4xx_hal_cortex.o
 .debug_info    0x0000000000007f6c      0x7cf Drivers/STM32F4xx_HAL_Driver/Src/stm32f4xx_hal_gpio.o
 .debug_info    0x000000000000873b     0x2433 Drivers/STM32F4xx_HAL_Driver/Src/stm32f4xx_hal_i2c.o
 .debug_info    0x000000000000ab6e      0x719 Drivers/STM32F4xx_HAL_Driver/Src/stm32f4xx_hal_i2c_ex.o
 .debug_info    0x000000000000b287     0x11ca Drivers/STM32F4xx_HAL_Driver/Src/stm32f4xx_hal_pcd.o
 .debug_info    0x000000000000c451      0x91e Drivers/STM32F4xx_HAL_Driver/Src/stm32f4xx_hal_rcc.o
 .debug_info    0x000000000000cd6f     0x124c Drivers/STM32F4xx_HAL_Driver/Src/stm32f4xx_hal_uart.o
 .debug_info    0x000000000000dfbb     0x18dd Drivers/STM32F4xx_HAL_Driver/Src/stm32f4xx_ll_usb.o

.debug_abbrev   0x0000000000000000     0x2185
 .debug_abbrev  0x0000000000000000      0x156 Core/Src/filter.o
 .debug_abbrev  0x0000000000000156      0x2c4 Core/Src/main.o
 .debug_abbrev  0x000000000000041a      0x2e5 Core/Src/pulse_oximiter.o
 .debug_abbrev  0x00000000000006ff      0x1fc Core/Src/stm32f4xx_hal_msp.o
 .debug_abbrev  0x00000000000008fb       0xc6 Core/Src/stm32f4xx_it.o
 .debug_abbrev  0x00000000000009c1       0xe8 Core/Src/system.o
 .debug_abbrev  0x0000000000000aa9      0x12b Core/Src/system_stm32f4xx.o
 .debug_abbrev  0x0000000000000bd4      0x1fa Core/Src/uart.o
 .debug_abbrev  0x0000000000000dce       0x12 Core/Startup/startup_stm32f429zitx.o
 .debug_abbrev  0x0000000000000de0      0x1c7 Drivers/STM32F4xx_HAL_Driver/Src/stm32f4xx_hal.o
 .debug_abbrev  0x0000000000000fa7      0x2fa Drivers/STM32F4xx_HAL_Driver/Src/stm32f4xx_hal_cortex.o
 .debug_abbrev  0x00000000000012a1      0x1c9 Drivers/STM32F4xx_HAL_Driver/Src/stm32f4xx_hal_gpio.o
 .debug_abbrev  0x000000000000146a      0x254 Drivers/STM32F4xx_HAL_Driver/Src/stm32f4xx_hal_i2c.o
 .debug_abbrev  0x00000000000016be      0x16d Drivers/STM32F4xx_HAL_Driver/Src/stm32f4xx_hal_i2c_ex.o
 .debug_abbrev  0x000000000000182b      0x266 Drivers/STM32F4xx_HAL_Driver/Src/stm32f4xx_hal_pcd.o
 .debug_abbrev  0x0000000000001a91      0x245 Drivers/STM32F4xx_HAL_Driver/Src/stm32f4xx_hal_rcc.o
 .debug_abbrev  0x0000000000001cd6      0x242 Drivers/STM32F4xx_HAL_Driver/Src/stm32f4xx_hal_uart.o
 .debug_abbrev  0x0000000000001f18      0x26d Drivers/STM32F4xx_HAL_Driver/Src/stm32f4xx_ll_usb.o

.debug_aranges  0x0000000000000000      0xd30
 .debug_aranges
                0x0000000000000000       0x30 Core/Src/filter.o
 .debug_aranges
                0x0000000000000030       0x58 Core/Src/main.o
 .debug_aranges
                0x0000000000000088       0xe0 Core/Src/pulse_oximiter.o
 .debug_aranges
                0x0000000000000168       0x50 Core/Src/stm32f4xx_hal_msp.o
 .debug_aranges
                0x00000000000001b8       0x68 Core/Src/stm32f4xx_it.o
 .debug_aranges
                0x0000000000000220       0x28 Core/Src/system.o
 .debug_aranges
                0x0000000000000248       0x28 Core/Src/system_stm32f4xx.o
 .debug_aranges
                0x0000000000000270       0x38 Core/Src/uart.o
 .debug_aranges
                0x00000000000002a8       0x28 Core/Startup/startup_stm32f429zitx.o
 .debug_aranges
                0x00000000000002d0      0x100 Drivers/STM32F4xx_HAL_Driver/Src/stm32f4xx_hal.o
 .debug_aranges
                0x00000000000003d0      0x118 Drivers/STM32F4xx_HAL_Driver/Src/stm32f4xx_hal_cortex.o
 .debug_aranges
                0x00000000000004e8       0x58 Drivers/STM32F4xx_HAL_Driver/Src/stm32f4xx_hal_gpio.o
 .debug_aranges
                0x0000000000000540      0x2a0 Drivers/STM32F4xx_HAL_Driver/Src/stm32f4xx_hal_i2c.o
 .debug_aranges
                0x00000000000007e0       0x28 Drivers/STM32F4xx_HAL_Driver/Src/stm32f4xx_hal_i2c_ex.o
 .debug_aranges
                0x0000000000000808      0x138 Drivers/STM32F4xx_HAL_Driver/Src/stm32f4xx_hal_pcd.o
 .debug_aranges
                0x0000000000000940       0x88 Drivers/STM32F4xx_HAL_Driver/Src/stm32f4xx_hal_rcc.o
 .debug_aranges
                0x00000000000009c8      0x1d0 Drivers/STM32F4xx_HAL_Driver/Src/stm32f4xx_hal_uart.o
 .debug_aranges
                0x0000000000000b98      0x198 Drivers/STM32F4xx_HAL_Driver/Src/stm32f4xx_ll_usb.o

.debug_ranges   0x0000000000000000      0xc40
 .debug_ranges  0x0000000000000000       0x20 Core/Src/filter.o
 .debug_ranges  0x0000000000000020       0x48 Core/Src/main.o
 .debug_ranges  0x0000000000000068       0xd0 Core/Src/pulse_oximiter.o
 .debug_ranges  0x0000000000000138       0x40 Core/Src/stm32f4xx_hal_msp.o
 .debug_ranges  0x0000000000000178       0x58 Core/Src/stm32f4xx_it.o
 .debug_ranges  0x00000000000001d0       0x18 Core/Src/system.o
 .debug_ranges  0x00000000000001e8       0x18 Core/Src/system_stm32f4xx.o
 .debug_ranges  0x0000000000000200       0x28 Core/Src/uart.o
 .debug_ranges  0x0000000000000228       0x20 Core/Startup/startup_stm32f429zitx.o
 .debug_ranges  0x0000000000000248       0xf0 Drivers/STM32F4xx_HAL_Driver/Src/stm32f4xx_hal.o
 .debug_ranges  0x0000000000000338      0x108 Drivers/STM32F4xx_HAL_Driver/Src/stm32f4xx_hal_cortex.o
 .debug_ranges  0x0000000000000440       0x48 Drivers/STM32F4xx_HAL_Driver/Src/stm32f4xx_hal_gpio.o
 .debug_ranges  0x0000000000000488      0x2b8 Drivers/STM32F4xx_HAL_Driver/Src/stm32f4xx_hal_i2c.o
 .debug_ranges  0x0000000000000740       0x18 Drivers/STM32F4xx_HAL_Driver/Src/stm32f4xx_hal_i2c_ex.o
 .debug_ranges  0x0000000000000758      0x128 Drivers/STM32F4xx_HAL_Driver/Src/stm32f4xx_hal_pcd.o
 .debug_ranges  0x0000000000000880       0x78 Drivers/STM32F4xx_HAL_Driver/Src/stm32f4xx_hal_rcc.o
 .debug_ranges  0x00000000000008f8      0x1c0 Drivers/STM32F4xx_HAL_Driver/Src/stm32f4xx_hal_uart.o
 .debug_ranges  0x0000000000000ab8      0x188 Drivers/STM32F4xx_HAL_Driver/Src/stm32f4xx_ll_usb.o

.debug_macro    0x0000000000000000    0x24093
 .debug_macro   0x0000000000000000      0x206 Core/Src/filter.o
 .debug_macro   0x0000000000000206      0xa5a Core/Src/filter.o
 .debug_macro   0x0000000000000c60      0x29a Core/Src/filter.o
 .debug_macro   0x0000000000000efa       0x2e Core/Src/filter.o
 .debug_macro   0x0000000000000f28       0x28 Core/Src/filter.o
 .debug_macro   0x0000000000000f50       0x22 Core/Src/filter.o
 .debug_macro   0x0000000000000f72       0x8e Core/Src/filter.o
 .debug_macro   0x0000000000001000       0x51 Core/Src/filter.o
 .debug_macro   0x0000000000001051       0xef Core/Src/filter.o
 .debug_macro   0x0000000000001140       0x6a Core/Src/filter.o
 .debug_macro   0x00000000000011aa      0x1df Core/Src/filter.o
 .debug_macro   0x0000000000001389       0x1c Core/Src/filter.o
 .debug_macro   0x00000000000013a5       0x22 Core/Src/filter.o
 .debug_macro   0x00000000000013c7       0xdf Core/Src/filter.o
 .debug_macro   0x00000000000014a6     0x102d Core/Src/filter.o
 .debug_macro   0x00000000000024d3      0x11f Core/Src/filter.o
 .debug_macro   0x00000000000025f2    0x17f69 Core/Src/filter.o
 .debug_macro   0x000000000001a55b       0x43 Core/Src/filter.o
 .debug_macro   0x000000000001a59e     0x36c9 Core/Src/filter.o
 .debug_macro   0x000000000001dc67      0x174 Core/Src/filter.o
 .debug_macro   0x000000000001dddb       0x5a Core/Src/filter.o
 .debug_macro   0x000000000001de35      0xca5 Core/Src/filter.o
 .debug_macro   0x000000000001eada      0x9fe Core/Src/filter.o
 .debug_macro   0x000000000001f4d8      0x117 Core/Src/filter.o
 .debug_macro   0x000000000001f5ef      0x157 Core/Src/filter.o
 .debug_macro   0x000000000001f746       0x27 Core/Src/filter.o
 .debug_macro   0x000000000001f76d      0x182 Core/Src/filter.o
 .debug_macro   0x000000000001f8ef      0x287 Core/Src/filter.o
 .debug_macro   0x000000000001fb76       0x5f Core/Src/filter.o
 .debug_macro   0x000000000001fbd5      0x236 Core/Src/filter.o
 .debug_macro   0x000000000001fe0b      0x132 Core/Src/filter.o
 .debug_macro   0x000000000001ff3d      0x41d Core/Src/filter.o
 .debug_macro   0x000000000002035a       0x2e Core/Src/filter.o
 .debug_macro   0x0000000000020388      0x1b5 Core/Src/filter.o
 .debug_macro   0x000000000002053d       0x22 Core/Src/filter.o
 .debug_macro   0x000000000002055f       0xd6 Core/Src/filter.o
 .debug_macro   0x0000000000020635      0x11a Core/Src/filter.o
 .debug_macro   0x000000000002074f       0xe2 Core/Src/filter.o
 .debug_macro   0x0000000000020831       0x89 Core/Src/filter.o
 .debug_macro   0x00000000000208ba      0x287 Core/Src/filter.o
 .debug_macro   0x0000000000020b41      0x21e Core/Src/filter.o
 .debug_macro   0x0000000000020d5f       0xba Core/Src/filter.o
 .debug_macro   0x0000000000020e19      0x134 Core/Src/filter.o
 .debug_macro   0x0000000000020f4d       0x10 Core/Src/filter.o
 .debug_macro   0x0000000000020f5d      0x2f3 Core/Src/main.o
 .debug_macro   0x0000000000021250      0x148 Core/Src/main.o
 .debug_macro   0x0000000000021398       0x46 Core/Src/main.o
 .debug_macro   0x00000000000213de       0x18 Core/Src/main.o
 .debug_macro   0x00000000000213f6       0x3c Core/Src/main.o
 .debug_macro   0x0000000000021432       0x34 Core/Src/main.o
 .debug_macro   0x0000000000021466       0x52 Core/Src/main.o
 .debug_macro   0x00000000000214b8       0x1f Core/Src/main.o
 .debug_macro   0x00000000000214d7       0x43 Core/Src/main.o
 .debug_macro   0x000000000002151a       0x20 Core/Src/main.o
 .debug_macro   0x000000000002153a      0x1a3 Core/Src/main.o
 .debug_macro   0x00000000000216dd      0x32a Core/Src/main.o
 .debug_macro   0x0000000000021a07       0x10 Core/Src/main.o
 .debug_macro   0x0000000000021a17       0x35 Core/Src/main.o
 .debug_macro   0x0000000000021a4c       0x20 Core/Src/main.o
 .debug_macro   0x0000000000021a6c       0x22 Core/Src/main.o
 .debug_macro   0x0000000000021a8e       0xe2 Core/Src/main.o
 .debug_macro   0x0000000000021b70      0x2ca Core/Src/pulse_oximiter.o
 .debug_macro   0x0000000000021e3a       0x16 Core/Src/pulse_oximiter.o
 .debug_macro   0x0000000000021e50      0x1e1 Core/Src/pulse_oximiter.o
 .debug_macro   0x0000000000022031      0x206 Core/Src/stm32f4xx_hal_msp.o
 .debug_macro   0x0000000000022237      0x210 Core/Src/stm32f4xx_it.o
 .debug_macro   0x0000000000022447      0x201 Core/Src/system.o
 .debug_macro   0x0000000000022648      0x1fd Core/Src/system_stm32f4xx.o
 .debug_macro   0x0000000000022845      0x390 Core/Src/uart.o
 .debug_macro   0x0000000000022bd5      0x201 Core/Src/uart.o
 .debug_macro   0x0000000000022dd6      0x257 Drivers/STM32F4xx_HAL_Driver/Src/stm32f4xx_hal.o
 .debug_macro   0x000000000002302d      0x1f7 Drivers/STM32F4xx_HAL_Driver/Src/stm32f4xx_hal_cortex.o
 .debug_macro   0x0000000000023224      0x22d Drivers/STM32F4xx_HAL_Driver/Src/stm32f4xx_hal_gpio.o
 .debug_macro   0x0000000000023451      0x23e Drivers/STM32F4xx_HAL_Driver/Src/stm32f4xx_hal_i2c.o
 .debug_macro   0x000000000002368f      0x1f7 Drivers/STM32F4xx_HAL_Driver/Src/stm32f4xx_hal_i2c_ex.o
 .debug_macro   0x0000000000023886      0x203 Drivers/STM32F4xx_HAL_Driver/Src/stm32f4xx_hal_pcd.o
 .debug_macro   0x0000000000023a89      0x21b Drivers/STM32F4xx_HAL_Driver/Src/stm32f4xx_hal_rcc.o
 .debug_macro   0x0000000000023ca4      0x1f8 Drivers/STM32F4xx_HAL_Driver/Src/stm32f4xx_hal_uart.o
 .debug_macro   0x0000000000023e9c      0x1f7 Drivers/STM32F4xx_HAL_Driver/Src/stm32f4xx_ll_usb.o

.debug_line     0x0000000000000000     0xb849
 .debug_line    0x0000000000000000      0x72e Core/Src/filter.o
 .debug_line    0x000000000000072e      0x9c0 Core/Src/main.o
 .debug_line    0x00000000000010ee      0xbf3 Core/Src/pulse_oximiter.o
 .debug_line    0x0000000000001ce1      0x7b3 Core/Src/stm32f4xx_hal_msp.o
 .debug_line    0x0000000000002494      0x7c3 Core/Src/stm32f4xx_it.o
 .debug_line    0x0000000000002c57      0x71c Core/Src/system.o
 .debug_line    0x0000000000003373      0x723 Core/Src/system_stm32f4xx.o
 .debug_line    0x0000000000003a96      0x951 Core/Src/uart.o
 .debug_line    0x00000000000043e7       0x85 Core/Startup/startup_stm32f429zitx.o
 .debug_line    0x000000000000446c      0x931 Drivers/STM32F4xx_HAL_Driver/Src/stm32f4xx_hal.o
 .debug_line    0x0000000000004d9d      0xa31 Drivers/STM32F4xx_HAL_Driver/Src/stm32f4xx_hal_cortex.o
 .debug_line    0x00000000000057ce      0x914 Drivers/STM32F4xx_HAL_Driver/Src/stm32f4xx_hal_gpio.o
 .debug_line    0x00000000000060e2     0x1bbb Drivers/STM32F4xx_HAL_Driver/Src/stm32f4xx_hal_i2c.o
 .debug_line    0x0000000000007c9d      0x73d Drivers/STM32F4xx_HAL_Driver/Src/stm32f4xx_hal_i2c_ex.o
 .debug_line    0x00000000000083da      0xcb7 Drivers/STM32F4xx_HAL_Driver/Src/stm32f4xx_hal_pcd.o
 .debug_line    0x0000000000009091      0x965 Drivers/STM32F4xx_HAL_Driver/Src/stm32f4xx_hal_rcc.o
 .debug_line    0x00000000000099f6     0x101b Drivers/STM32F4xx_HAL_Driver/Src/stm32f4xx_hal_uart.o
 .debug_line    0x000000000000aa11      0xe38 Drivers/STM32F4xx_HAL_Driver/Src/stm32f4xx_ll_usb.o

.debug_str      0x0000000000000000    0xd75cf
 .debug_str     0x0000000000000000    0xcd6da Core/Src/filter.o
                                      0xcd968 (size before relaxing)
 .debug_str     0x00000000000cd6da     0x4e2d Core/Src/main.o
                                      0xd281f (size before relaxing)
 .debug_str     0x00000000000d2507      0xd12 Core/Src/pulse_oximiter.o
                                      0xd2282 (size before relaxing)
 .debug_str     0x00000000000d3219       0xa4 Core/Src/stm32f4xx_hal_msp.o
                                      0xce9b1 (size before relaxing)
 .debug_str     0x00000000000d32bd       0xd2 Core/Src/stm32f4xx_it.o
                                      0xcdebb (size before relaxing)
 .debug_str     0x00000000000d338f       0x29 Core/Src/system.o
                                      0xcd8bb (size before relaxing)
 .debug_str     0x00000000000d33b8       0xc4 Core/Src/system_stm32f4xx.o
                                      0xcda49 (size before relaxing)
 .debug_str     0x00000000000d347c     0x17d4 Core/Src/uart.o
                                      0xd24ee (size before relaxing)
 .debug_str     0x00000000000d4c50       0x36 Core/Startup/startup_stm32f429zitx.o
                                         0x77 (size before relaxing)
 .debug_str     0x00000000000d4c86      0x5b6 Drivers/STM32F4xx_HAL_Driver/Src/stm32f4xx_hal.o
                                      0xce5b5 (size before relaxing)
 .debug_str     0x00000000000d523c      0x399 Drivers/STM32F4xx_HAL_Driver/Src/stm32f4xx_hal_cortex.o
                                      0xce356 (size before relaxing)
 .debug_str     0x00000000000d55d5      0x20c Drivers/STM32F4xx_HAL_Driver/Src/stm32f4xx_hal_gpio.o
                                      0xcdc88 (size before relaxing)
 .debug_str     0x00000000000d57e1      0xaa1 Drivers/STM32F4xx_HAL_Driver/Src/stm32f4xx_hal_i2c.o
                                      0xce9a8 (size before relaxing)
 .debug_str     0x00000000000d6282       0x3b Drivers/STM32F4xx_HAL_Driver/Src/stm32f4xx_hal_i2c_ex.o
                                      0xcde2f (size before relaxing)
 .debug_str     0x00000000000d62bd      0x53d Drivers/STM32F4xx_HAL_Driver/Src/stm32f4xx_hal_pcd.o
                                      0xce20b (size before relaxing)
 .debug_str     0x00000000000d67fa      0x24e Drivers/STM32F4xx_HAL_Driver/Src/stm32f4xx_hal_rcc.o
                                      0xcde36 (size before relaxing)
 .debug_str     0x00000000000d6a48      0x50d Drivers/STM32F4xx_HAL_Driver/Src/stm32f4xx_hal_uart.o
                                      0xce282 (size before relaxing)
 .debug_str     0x00000000000d6f55      0x67a Drivers/STM32F4xx_HAL_Driver/Src/stm32f4xx_ll_usb.o
                                      0xce30a (size before relaxing)

.comment        0x0000000000000000       0x7b
 .comment       0x0000000000000000       0x7b Core/Src/filter.o
                                         0x7c (size before relaxing)
 .comment       0x000000000000007b       0x7c Core/Src/main.o
 .comment       0x000000000000007b       0x7c Core/Src/pulse_oximiter.o
 .comment       0x000000000000007b       0x7c Core/Src/stm32f4xx_hal_msp.o
 .comment       0x000000000000007b       0x7c Core/Src/stm32f4xx_it.o
 .comment       0x000000000000007b       0x7c Core/Src/system.o
 .comment       0x000000000000007b       0x7c Core/Src/system_stm32f4xx.o
 .comment       0x000000000000007b       0x7c Core/Src/uart.o
 .comment       0x000000000000007b       0x7c Drivers/STM32F4xx_HAL_Driver/Src/stm32f4xx_hal.o
 .comment       0x000000000000007b       0x7c Drivers/STM32F4xx_HAL_Driver/Src/stm32f4xx_hal_cortex.o
 .comment       0x000000000000007b       0x7c Drivers/STM32F4xx_HAL_Driver/Src/stm32f4xx_hal_gpio.o
 .comment       0x000000000000007b       0x7c Drivers/STM32F4xx_HAL_Driver/Src/stm32f4xx_hal_i2c.o
 .comment       0x000000000000007b       0x7c Drivers/STM32F4xx_HAL_Driver/Src/stm32f4xx_hal_i2c_ex.o
 .comment       0x000000000000007b       0x7c Drivers/STM32F4xx_HAL_Driver/Src/stm32f4xx_hal_pcd.o
 .comment       0x000000000000007b       0x7c Drivers/STM32F4xx_HAL_Driver/Src/stm32f4xx_hal_rcc.o
 .comment       0x000000000000007b       0x7c Drivers/STM32F4xx_HAL_Driver/Src/stm32f4xx_hal_uart.o
 .comment       0x000000000000007b       0x7c Drivers/STM32F4xx_HAL_Driver/Src/stm32f4xx_ll_usb.o

.debug_frame    0x0000000000000000     0x3a54
 .debug_frame   0x0000000000000000       0x88 Core/Src/filter.o
 .debug_frame   0x0000000000000088      0x108 Core/Src/main.o
 .debug_frame   0x0000000000000190      0x394 Core/Src/pulse_oximiter.o
 .debug_frame   0x0000000000000524      0x110 Core/Src/stm32f4xx_hal_msp.o
 .debug_frame   0x0000000000000634      0x120 Core/Src/stm32f4xx_it.o
 .debug_frame   0x0000000000000754       0x44 Core/Src/system.o
 .debug_frame   0x0000000000000798       0x58 Core/Src/system_stm32f4xx.o
 .debug_frame   0x00000000000007f0       0x9c Core/Src/uart.o
 .debug_frame   0x000000000000088c      0x3b4 Drivers/STM32F4xx_HAL_Driver/Src/stm32f4xx_hal.o
 .debug_frame   0x0000000000000c40      0x498 Drivers/STM32F4xx_HAL_Driver/Src/stm32f4xx_hal_cortex.o
 .debug_frame   0x00000000000010d8      0x14c Drivers/STM32F4xx_HAL_Driver/Src/stm32f4xx_hal_gpio.o
 .debug_frame   0x0000000000001224      0xc5c Drivers/STM32F4xx_HAL_Driver/Src/stm32f4xx_hal_i2c.o
 .debug_frame   0x0000000000001e80       0x60 Drivers/STM32F4xx_HAL_Driver/Src/stm32f4xx_hal_i2c_ex.o
 .debug_frame   0x0000000000001ee0      0x574 Drivers/STM32F4xx_HAL_Driver/Src/stm32f4xx_hal_pcd.o
 .debug_frame   0x0000000000002454      0x1f0 Drivers/STM32F4xx_HAL_Driver/Src/stm32f4xx_hal_rcc.o
 .debug_frame   0x0000000000002644      0x844 Drivers/STM32F4xx_HAL_Driver/Src/stm32f4xx_hal_uart.o
 .debug_frame   0x0000000000002e88      0x798 Drivers/STM32F4xx_HAL_Driver/Src/stm32f4xx_ll_usb.o
 .debug_frame   0x0000000000003620       0x20 c:/st/stm32cubeide_1.5.1/stm32cubeide/plugins/com.st.stm32cube.ide.mcu.externaltools.gnu-tools-for-stm32.7-2018-q2-update.win32_1.5.0.202011040924/tools/bin/../lib/gcc/arm-none-eabi/7.3.1/../../../../arm-none-eabi/lib/thumb/v7e-m/fpv4-sp/hard\libc_nano.a(lib_a-errno.o)
 .debug_frame   0x0000000000003640       0x2c c:/st/stm32cubeide_1.5.1/stm32cubeide/plugins/com.st.stm32cube.ide.mcu.externaltools.gnu-tools-for-stm32.7-2018-q2-update.win32_1.5.0.202011040924/tools/bin/../lib/gcc/arm-none-eabi/7.3.1/../../../../arm-none-eabi/lib/thumb/v7e-m/fpv4-sp/hard\libc_nano.a(lib_a-init.o)
 .debug_frame   0x000000000000366c       0x20 c:/st/stm32cubeide_1.5.1/stm32cubeide/plugins/com.st.stm32cube.ide.mcu.externaltools.gnu-tools-for-stm32.7-2018-q2-update.win32_1.5.0.202011040924/tools/bin/../lib/gcc/arm-none-eabi/7.3.1/../../../../arm-none-eabi/lib/thumb/v7e-m/fpv4-sp/hard\libc_nano.a(lib_a-memset.o)
 .debug_frame   0x000000000000368c       0x44 c:/st/stm32cubeide_1.5.1/stm32cubeide/plugins/com.st.stm32cube.ide.mcu.externaltools.gnu-tools-for-stm32.7-2018-q2-update.win32_1.5.0.202011040924/tools/bin/../lib/gcc/arm-none-eabi/7.3.1/../../../../arm-none-eabi/lib/thumb/v7e-m/fpv4-sp/hard\libm.a(lib_a-w_log.o)
 .debug_frame   0x00000000000036d0       0x4c c:/st/stm32cubeide_1.5.1/stm32cubeide/plugins/com.st.stm32cube.ide.mcu.externaltools.gnu-tools-for-stm32.7-2018-q2-update.win32_1.5.0.202011040924/tools/bin/../lib/gcc/arm-none-eabi/7.3.1/../../../../arm-none-eabi/lib/thumb/v7e-m/fpv4-sp/hard\libm.a(lib_a-w_sqrt.o)
 .debug_frame   0x000000000000371c       0x40 c:/st/stm32cubeide_1.5.1/stm32cubeide/plugins/com.st.stm32cube.ide.mcu.externaltools.gnu-tools-for-stm32.7-2018-q2-update.win32_1.5.0.202011040924/tools/bin/../lib/gcc/arm-none-eabi/7.3.1/../../../../arm-none-eabi/lib/thumb/v7e-m/fpv4-sp/hard\libm.a(lib_a-e_log.o)
 .debug_frame   0x000000000000375c       0x30 c:/st/stm32cubeide_1.5.1/stm32cubeide/plugins/com.st.stm32cube.ide.mcu.externaltools.gnu-tools-for-stm32.7-2018-q2-update.win32_1.5.0.202011040924/tools/bin/../lib/gcc/arm-none-eabi/7.3.1/../../../../arm-none-eabi/lib/thumb/v7e-m/fpv4-sp/hard\libm.a(lib_a-e_sqrt.o)
 .debug_frame   0x000000000000378c       0x20 c:/st/stm32cubeide_1.5.1/stm32cubeide/plugins/com.st.stm32cube.ide.mcu.externaltools.gnu-tools-for-stm32.7-2018-q2-update.win32_1.5.0.202011040924/tools/bin/../lib/gcc/arm-none-eabi/7.3.1/../../../../arm-none-eabi/lib/thumb/v7e-m/fpv4-sp/hard\libm.a(lib_a-s_matherr.o)
 .debug_frame   0x00000000000037ac       0x20 c:/st/stm32cubeide_1.5.1/stm32cubeide/plugins/com.st.stm32cube.ide.mcu.externaltools.gnu-tools-for-stm32.7-2018-q2-update.win32_1.5.0.202011040924/tools/bin/../lib/gcc/arm-none-eabi/7.3.1/../../../../arm-none-eabi/lib/thumb/v7e-m/fpv4-sp/hard\libm.a(lib_a-s_nan.o)
 .debug_frame   0x00000000000037cc       0xac c:/st/stm32cubeide_1.5.1/stm32cubeide/plugins/com.st.stm32cube.ide.mcu.externaltools.gnu-tools-for-stm32.7-2018-q2-update.win32_1.5.0.202011040924/tools/bin/../lib/gcc/arm-none-eabi/7.3.1/thumb/v7e-m/fpv4-sp/hard\libgcc.a(_arm_addsubdf3.o)
 .debug_frame   0x0000000000003878       0x50 c:/st/stm32cubeide_1.5.1/stm32cubeide/plugins/com.st.stm32cube.ide.mcu.externaltools.gnu-tools-for-stm32.7-2018-q2-update.win32_1.5.0.202011040924/tools/bin/../lib/gcc/arm-none-eabi/7.3.1/thumb/v7e-m/fpv4-sp/hard\libgcc.a(_arm_muldivdf3.o)
 .debug_frame   0x00000000000038c8       0xc4 c:/st/stm32cubeide_1.5.1/stm32cubeide/plugins/com.st.stm32cube.ide.mcu.externaltools.gnu-tools-for-stm32.7-2018-q2-update.win32_1.5.0.202011040924/tools/bin/../lib/gcc/arm-none-eabi/7.3.1/thumb/v7e-m/fpv4-sp/hard\libgcc.a(_arm_cmpdf2.o)
 .debug_frame   0x000000000000398c       0x20 c:/st/stm32cubeide_1.5.1/stm32cubeide/plugins/com.st.stm32cube.ide.mcu.externaltools.gnu-tools-for-stm32.7-2018-q2-update.win32_1.5.0.202011040924/tools/bin/../lib/gcc/arm-none-eabi/7.3.1/thumb/v7e-m/fpv4-sp/hard\libgcc.a(_arm_unorddf2.o)
 .debug_frame   0x00000000000039ac       0x24 c:/st/stm32cubeide_1.5.1/stm32cubeide/plugins/com.st.stm32cube.ide.mcu.externaltools.gnu-tools-for-stm32.7-2018-q2-update.win32_1.5.0.202011040924/tools/bin/../lib/gcc/arm-none-eabi/7.3.1/thumb/v7e-m/fpv4-sp/hard\libgcc.a(_arm_fixunsdfsi.o)
 .debug_frame   0x00000000000039d0       0x24 c:/st/stm32cubeide_1.5.1/stm32cubeide/plugins/com.st.stm32cube.ide.mcu.externaltools.gnu-tools-for-stm32.7-2018-q2-update.win32_1.5.0.202011040924/tools/bin/../lib/gcc/arm-none-eabi/7.3.1/thumb/v7e-m/fpv4-sp/hard\libgcc.a(_arm_truncdfsf2.o)
 .debug_frame   0x00000000000039f4       0x2c c:/st/stm32cubeide_1.5.1/stm32cubeide/plugins/com.st.stm32cube.ide.mcu.externaltools.gnu-tools-for-stm32.7-2018-q2-update.win32_1.5.0.202011040924/tools/bin/../lib/gcc/arm-none-eabi/7.3.1/thumb/v7e-m/fpv4-sp/hard\libgcc.a(_aeabi_uldivmod.o)
 .debug_frame   0x0000000000003a20       0x34 c:/st/stm32cubeide_1.5.1/stm32cubeide/plugins/com.st.stm32cube.ide.mcu.externaltools.gnu-tools-for-stm32.7-2018-q2-update.win32_1.5.0.202011040924/tools/bin/../lib/gcc/arm-none-eabi/7.3.1/thumb/v7e-m/fpv4-sp/hard\libgcc.a(_udivmoddi4.o)
