pulse_oximeter.c:58:6:I2C_Init	8	static
pulse_oximeter.c:77:8:pulseOximeter_readRegister	32	static
pulse_oximeter.c:103:19:pulseOximeter_writeRegister	32	static
pulse_oximeter.c:117:6:pulseOximeter_setMeasurementMode	24	static
pulse_oximeter.c:144:18:pulseOximeter_getMeasurementMode	16	static
pulse_oximeter.c:167:6:pulseOximeter_setPowerMode	24	static
pulse_oximeter.c:193:12:pulseOximeter_getPowerMode	16	static
pulse_oximeter.c:213:6:pulseOximeter_resetRegisters	16	static
pulse_oximeter.c:231:6:pulseOximeter_setLedCurrent	32	static
pulse_oximeter.c:252:7:pulseOximeter_getLedCurrent	40	static
pulse_oximeter.c:274:6:pulseOximeter_setSampleRate	24	static
pulse_oximeter.c:296:13:pulseOximeter_getSampleRate	16	static
pulse_oximeter.c:314:6:pulseOximeter_setPulseWidth	24	static
pulse_oximeter.c:343:13:pulseOximeter_getPulseWidth	16	static
pulse_oximeter.c:361:6:pulseOximeter_resetFifo	8	static
pulse_oximeter.c:369:6:pulseOximeter_initFifo	8	static
pulse_oximeter.c:376:15:pulseOximeter_readFifo	40	static
pulse_oximeter.c:400:8:pulseOximeter_readFIFO	48	static
pulse_oximeter.c:429:6:pulseOximeter_clearInterrupt	16	static
pulse_oximeter.c:441:7:pulseOximeter_readTemperature	32	static
pulse_oximeter.c:472:10:pulseOximeter_update	72	static
pulse_oximeter.c:533:6:detectPulse	32	static
pulse_oximeter.c:616:6:balanceIntesities	24	static
pulse_oximeter.c:638:6:pulseOximiter_registerDump	16	static
pulse_oximeter.c:830:6:pulseOximeter_displayData	8	static
