pulse_oximiter.c:58:6:I2C_Init	8	static
pulse_oximiter.c:77:8:pulseOximiter_readRegister	32	static
pulse_oximiter.c:103:19:pulseOximiter_writeRegister	32	static
pulse_oximiter.c:117:6:pulseOximiter_setMeasurementMode	24	static
pulse_oximiter.c:144:18:pulseOximiter_getMeasurementMode	16	static
pulse_oximiter.c:167:6:pulseOximiter_setPowerMode	24	static
pulse_oximiter.c:193:12:pulseOximiter_getPowerMode	16	static
pulse_oximiter.c:213:6:pulseOximiter_resetRegisters	16	static
pulse_oximiter.c:231:6:pulseOximiter_setLedCurrent	32	static
pulse_oximiter.c:252:7:pulseOximiter_getLedCurrent	40	static
pulse_oximiter.c:274:6:pulseOximiter_setSampleRate	24	static
pulse_oximiter.c:296:13:pulseOximiter_getSampleRate	16	static
pulse_oximiter.c:314:6:pulseOximiter_setPulseWidth	24	static
pulse_oximiter.c:343:13:pulseOximiter_getPulseWidth	16	static
pulse_oximiter.c:361:6:pulseOximiter_resetFifo	8	static
pulse_oximiter.c:369:6:pulseOximiter_initFifo	8	static
pulse_oximiter.c:376:15:pulseOximiter_readFifo	40	static
pulse_oximiter.c:400:8:pulseOximiter_readFIFO	48	static
pulse_oximiter.c:429:6:pulseOximiter_clearInterrupt	16	static
pulse_oximiter.c:441:7:pulseOximiter_readTemperature	32	static
pulse_oximiter.c:472:10:pulseOximiter_update	72	static
pulse_oximiter.c:530:6:detectPulse	32	static
pulse_oximiter.c:613:6:balanceIntesities	24	static
pulse_oximiter.c:635:6:pulseOximiter_registerDump	16	static
pulse_oximiter.c:827:6:pulseOximiter_displayData	8	static
